Archive member included because of file (symbol)

/home/parth/LPCXpresso/workspace/nxp_lpcxpresso_11u14_board_lib/Debug/libnxp_lpcxpresso_11u14_board_lib.a(board.o)
                              ./example/src/VirtualSerial.o (Board_Init)
/home/parth/LPCXpresso/workspace/nxp_lpcxpresso_11u14_board_lib/Debug/libnxp_lpcxpresso_11u14_board_lib.a(board_sysinit.o)
                              ./example/src/sysinit.o (Board_SystemInit)
/home/parth/LPCXpresso/workspace/lpc_chip_11uxx_lib/Debug/liblpc_chip_11uxx_lib.a(chip_11xx.o)
                              ./example/src/VirtualSerial.o (SystemCoreClockUpdate)
/home/parth/LPCXpresso/workspace/lpc_chip_11uxx_lib/Debug/liblpc_chip_11uxx_lib.a(clock_11xx.o)
                              /home/parth/LPCXpresso/workspace/nxp_lpcxpresso_11u14_board_lib/Debug/libnxp_lpcxpresso_11u14_board_lib.a(board_sysinit.o) (Chip_Clock_SetSystemPLLSource)
/home/parth/LPCXpresso/workspace/lpc_chip_11uxx_lib/Debug/liblpc_chip_11uxx_lib.a(gpio_11xx_1.o)
                              /home/parth/LPCXpresso/workspace/nxp_lpcxpresso_11u14_board_lib/Debug/libnxp_lpcxpresso_11u14_board_lib.a(board.o) (Chip_GPIO_Init)
/home/parth/LPCXpresso/workspace/lpc_chip_11uxx_lib/Debug/liblpc_chip_11uxx_lib.a(iocon_11xx.o)
                              /home/parth/LPCXpresso/workspace/nxp_lpcxpresso_11u14_board_lib/Debug/libnxp_lpcxpresso_11u14_board_lib.a(board.o) (Chip_IOCON_PinMuxSet)
/home/parth/LPCXpresso/workspace/lpc_chip_11uxx_lib/Debug/liblpc_chip_11uxx_lib.a(sysctl_11xx.o)
                              /home/parth/LPCXpresso/workspace/nxp_lpcxpresso_11u14_board_lib/Debug/libnxp_lpcxpresso_11u14_board_lib.a(board_sysinit.o) (Chip_SYSCTL_PowerDown)
/home/parth/LPCXpresso/workspace/lpc_chip_11uxx_lib/Debug/liblpc_chip_11uxx_lib.a(uart_11xx.o)
                              /home/parth/LPCXpresso/workspace/nxp_lpcxpresso_11u14_board_lib/Debug/libnxp_lpcxpresso_11u14_board_lib.a(board.o) (Chip_UART_Init)
/home/parth/LPCXpresso/workspace/lpc_chip_11uxx_lib/Debug/liblpc_chip_11uxx_lib.a(ring_buffer.o)
                              uart_11xx.o (symbol from plugin) (RingBuffer_Insert)
/home/parth/LPCXpresso/workspace/nxp_lpcxpresso_11u14_usblib_device/Debug/libnxp_lpcxpresso_11u14_usblib_device.a(USBController.o)
                              ./example/src/VirtualSerial.o (USB_Init)
/home/parth/LPCXpresso/workspace/nxp_lpcxpresso_11u14_usblib_device/Debug/libnxp_lpcxpresso_11u14_usblib_device.a(USBTask.o)
                              ./example/src/VirtualSerial.o (USB_USBTask)
/home/parth/LPCXpresso/workspace/nxp_lpcxpresso_11u14_usblib_device/Debug/libnxp_lpcxpresso_11u14_usblib_device.a(CDCClassDevice.o)
                              ./example/src/VirtualSerial.o (CDC_Device_ConfigureEndpoints)
/home/parth/LPCXpresso/workspace/nxp_lpcxpresso_11u14_usblib_device/Debug/libnxp_lpcxpresso_11u14_usblib_device.a(HAL_LPC11Uxx.o)
                              /home/parth/LPCXpresso/workspace/nxp_lpcxpresso_11u14_usblib_device/Debug/libnxp_lpcxpresso_11u14_usblib_device.a(USBController.o) (HAL_USBInit)
/home/parth/LPCXpresso/workspace/nxp_lpcxpresso_11u14_usblib_device/Debug/libnxp_lpcxpresso_11u14_usblib_device.a(Endpoint_LPC11Uxx.o)
                              /home/parth/LPCXpresso/workspace/nxp_lpcxpresso_11u14_usblib_device/Debug/libnxp_lpcxpresso_11u14_usblib_device.a(HAL_LPC11Uxx.o) (HAL_Reset)
/home/parth/LPCXpresso/workspace/nxp_lpcxpresso_11u14_usblib_device/Debug/libnxp_lpcxpresso_11u14_usblib_device.a(DeviceStandardReq.o)
                              /home/parth/LPCXpresso/workspace/nxp_lpcxpresso_11u14_usblib_device/Debug/libnxp_lpcxpresso_11u14_usblib_device.a(USBTask.o) (USB_Device_ProcessControlRequest)
/home/parth/LPCXpresso/workspace/nxp_lpcxpresso_11u14_usblib_device/Debug/libnxp_lpcxpresso_11u14_usblib_device.a(Endpoint.o)
                              /home/parth/LPCXpresso/workspace/nxp_lpcxpresso_11u14_usblib_device/Debug/libnxp_lpcxpresso_11u14_usblib_device.a(USBTask.o) (endpointselected)
/home/parth/LPCXpresso/workspace/nxp_lpcxpresso_11u14_usblib_device/Debug/libnxp_lpcxpresso_11u14_usblib_device.a(EndpointStream.o)
                              /home/parth/LPCXpresso/workspace/nxp_lpcxpresso_11u14_usblib_device/Debug/libnxp_lpcxpresso_11u14_usblib_device.a(CDCClassDevice.o) (Endpoint_Write_Stream_LE)
/usr/local/lpcxpresso_7.5.0_254/lpcxpresso/tools/bin/../lib/gcc/arm-none-eabi/4.8.4/armv6-m/libgcc.a(_udivsi3.o)
                              ./example/src/VirtualSerial.o (__aeabi_uidiv)
/usr/local/lpcxpresso_7.5.0_254/lpcxpresso/tools/bin/../lib/gcc/arm-none-eabi/4.8.4/armv6-m/libgcc.a(_dvmd_tls.o)
                              /usr/local/lpcxpresso_7.5.0_254/lpcxpresso/tools/bin/../lib/gcc/arm-none-eabi/4.8.4/armv6-m/libgcc.a(_udivsi3.o) (__aeabi_idiv0)
/usr/local/lpcxpresso_7.5.0_254/lpcxpresso/tools/bin/../lib/gcc/arm-none-eabi/4.8.4/../../../../arm-none-eabi/lib/armv6-m/libc_s.a(lib_a-fgetc.o)
                              ./example/src/VirtualSerial.o (fgetc)
[...]
Memory Configuration

Name             Origin             Length             Attributes
MFlash32         0x00000000         0x00008000         xr
RamLoc8          0x10000000         0x00002000         xrw
RamUsb2          0x20004000         0x00000800         xrw
*default*        0x00000000         0xffffffff

Linker script and memory map

LOAD ./example/src/Lib/UsbRom.o
LOAD ./example/src/Descriptors.o
LOAD ./example/src/VirtualSerial.o
LOAD ./example/src/cr_startup_lpc11xx.o
LOAD ./example/src/sysinit.o
LOAD /tmp/cc48genI.ltrans0.ltrans.o
LOAD /home/parth/LPCXpresso/workspace/nxp_lpcxpresso_11u14_board_lib/Debug/libnxp_lpcxpresso_11u14_board_lib.a
LOAD /home/parth/LPCXpresso/workspace/lpc_chip_11uxx_lib/Debug/liblpc_chip_11uxx_lib.a
LOAD /home/parth/LPCXpresso/workspace/nxp_lpcxpresso_11u14_usblib_device/Debug/libnxp_lpcxpresso_11u14_usblib_device.a
START GROUP
LOAD /usr/local/lpcxpresso_7.5.0_254/lpcxpresso/tools/bin/../lib/gcc/arm-none-eabi/4.8.4/armv6-m/libgcc.a
LOAD /usr/local/lpcxpresso_7.5.0_254/lpcxpresso/tools/bin/../lib/gcc/arm-none-eabi/4.8.4/../../../../arm-none-eabi/lib/armv6-m/libc_s.a
LOAD /usr/local/lpcxpresso_7.5.0_254/lpcxpresso/tools/bin/../lib/gcc/arm-none-eabi/4.8.4/../../../../arm-none-eabi/lib/armv6-m/libm.a
LOAD /usr/local/lpcxpresso_7.5.0_254/lpcxpresso/tools/bin/../lib/gcc/arm-none-eabi/4.8.4/../../../../arm-none-eabi/lib/armv6-m/libcr_newlib_nohost.a
END GROUP
                0x00008000                __top_MFlash32 = 0x8000
                0x10002000                __top_RamLoc8 = 0x10002000
                0x20004800                __top_RamUsb2 = 0x20004800

.text           0x00000000     0x37b0
 FILL mask 0xff
                0x00000000                __vectors_start__ = ABSOLUTE (.)
 *(.isr_vector)
 .isr_vector    0x00000000       0xc0 ./example/src/cr_startup_lpc11xx.o
                0x00000000                g_pfnVectors
                0x000000c0                . = ALIGN (0x4)
                0x000000c0                __section_table_start = .
                0x000000c0                __data_section_table = .
                0x000000c0        0x4 LONG 0x37b0 LOADADDR (.data)
                0x000000c4        0x4 LONG 0x10000000 ADDR (.data)
                0x000000c8        0x4 LONG 0x110 SIZEOF (.data)
                0x000000cc        0x4 LONG 0x37b0 LOADADDR (.data_RAM2)
                0x000000d0        0x4 LONG 0x20004000 ADDR (.data_RAM2)
                0x000000d4        0x4 LONG 0x0 SIZEOF (.data_RAM2)
                0x000000d8                __data_section_table_end = .
                0x000000d8                __bss_section_table = .
                0x000000d8        0x4 LONG 0x10000110 ADDR (.bss)
                0x000000dc        0x4 LONG 0x9c SIZEOF (.bss)
                0x000000e0        0x4 LONG 0x20004000 ADDR (.bss_RAM2)
                0x000000e4        0x4 LONG 0x800 SIZEOF (.bss_RAM2)
                0x000000e8                __bss_section_table_end = .
                0x000000e8                __section_table_end = .
 *(.after_vectors*)
 .after_vectors
                0x000000e8       0x70 ./example/src/cr_startup_lpc11xx.o
                0x000000e8                NMI_Handler
                0x000000ea                HardFault_Handler
                0x000000ec                SVC_Handler
                0x000000ee                PendSV_Handler
                0x000000f2                TIMER16_0_IRQHandler
                0x000000f2                UART_IRQHandler
                0x000000f2                TIMER32_0_IRQHandler
                0x000000f2                FLEX_INT7_IRQHandler
                0x000000f2                TIMER32_1_IRQHandler
                0x000000f2                FLEX_INT1_IRQHandler
                0x000000f2                IntDefaultHandler
                0x000000f2                SSP0_IRQHandler
                0x000000f2                USBWakeup_IRQHandler
                0x000000f2                FLEX_INT0_IRQHandler
                0x000000f2                FLEX_INT2_IRQHandler
                0x000000f2                TIMER16_1_IRQHandler
                0x000000f2                USB_FIQHandler
                0x000000f2                FLEX_INT5_IRQHandler
                0x000000f2                ADC_IRQHandler
                0x000000f2                SSP1_IRQHandler
                0x000000f2                FLEX_INT3_IRQHandler
                0x000000f2                BOD_IRQHandler
                0x000000f2                I2C_IRQHandler
                0x000000f2                WDT_IRQHandler
                0x000000f2                GINT0_IRQHandler
                0x000000f2                FLEX_INT4_IRQHandler
                0x000000f2                FLEX_INT6_IRQHandler
                0x000000f2                FMC_IRQHandler
                0x000000f2                GINT1_IRQHandler
                0x000000f4                data_init
                0x00000106                bss_init
                0x00000116                ResetISR
 *(.text*)
 .text.CALLBACK_USB_GetDescriptor
                0x00000158       0x5c ./example/src/Descriptors.o
                0x00000158                CALLBACK_USB_GetDescriptor
 .text.SysTick_Handler
                0x000001b4        0xc ./example/src/VirtualSerial.o
                0x000001b4                SysTick_Handler
 .text.startup.main
                0x000001c0       0xb4 ./example/src/VirtualSerial.o
                0x000001c0                main
 .text.EVENT_USB_Device_ConfigurationChanged
                0x00000274       0x10 ./example/src/VirtualSerial.o
                0x00000274                EVENT_USB_Device_ConfigurationChanged
 .text.EVENT_USB_Device_ControlRequest
                0x00000284       0x10 ./example/src/VirtualSerial.o
                0x00000284                EVENT_USB_Device_ControlRequest
 .text.EVENT_CDC_Device_LineEncodingChanged
                0x00000294        0x2 ./example/src/VirtualSerial.o
                0x00000294                EVENT_CDC_Device_LineEncodingChanged
 .text.SystemInit
                0x00000296        0x8 ./example/src/sysinit.o
                0x00000296                SystemInit
 *fill*         0x0000029e        0x2 
 .text          0x000002a0      0x1f8 /tmp/cc48genI.ltrans0.ltrans.o
                0x00000320                Chip_UART_SetBaud
                0x00000358                Chip_UART_Read
                0x00000372                Chip_UART_SendBlocking
                0x00000398                Chip_UART_Init
                0x000003c0                Chip_SYSCTL_PowerUp
                0x000003e8                Chip_SYSCTL_PowerDown
                0x00000408                Chip_IOCON_PinMuxSet
                0x00000414                Chip_GPIO_Init
                0x00000424                Chip_Clock_SetUSBClockSource
                0x00000440                Chip_Clock_SetMainClockSource
                0x00000454                Chip_Clock_SetUSBPLLSource
                0x00000468                Chip_Clock_SetSystemPLLSource
                0x0000047c                SystemCoreClockUpdate
 .text.Chip_GPIO_SetPinDIROutput
                0x00000498       0x44 /home/parth/LPCXpresso/workspace/nxp_lpcxpresso_11u14_board_lib/Debug/libnxp_lpcxpresso_11u14_board_lib.a(board.o)
 .text.Board_LED_Init
                0x000004dc       0x18 /home/parth/LPCXpresso/workspace/nxp_lpcxpresso_11u14_board_lib/Debug/libnxp_lpcxpresso_11u14_board_lib.a(board.o)
 .text.Board_Init
                0x000004f4       0x18 /home/parth/LPCXpresso/workspace/nxp_lpcxpresso_11u14_board_lib/Debug/libnxp_lpcxpresso_11u14_board_lib.a(board.o)
                0x000004f4                Board_Init
 .text.Chip_FMC_SetFLASHAccess
                0x0000050c       0x2c /home/parth/LPCXpresso/workspace/nxp_lpcxpresso_11u14_board_lib/Debug/libnxp_lpcxpresso_11u14_board_lib.a(board_sysinit.o)
 .text.Chip_Clock_SetupSystemPLL
                0x00000538       0x34 /home/parth/LPCXpresso/workspace/nxp_lpcxpresso_11u14_board_lib/Debug/libnxp_lpcxpresso_11u14_board_lib.a(board_sysinit.o)
 .text.Chip_Clock_IsSystemPLLLocked
                0x0000056c       0x1c /home/parth/LPCXpresso/workspace/nxp_lpcxpresso_11u14_board_lib/Debug/libnxp_lpcxpresso_11u14_board_lib.a(board_sysinit.o)
 .text.Chip_Clock_SetupUSBPLL
                0x00000588       0x34 /home/parth/LPCXpresso/workspace/nxp_lpcxpresso_11u14_board_lib/Debug/libnxp_lpcxpresso_11u14_board_lib.a(board_sysinit.o)
 .text.Chip_Clock_IsUSBPLLLocked
                0x000005bc       0x1c /home/parth/LPCXpresso/workspace/nxp_lpcxpresso_11u14_board_lib/Debug/libnxp_lpcxpresso_11u14_board_lib.a(board_sysinit.o)
 .text.Chip_Clock_SetSysClockDiv
                0x000005d8       0x18 /home/parth/LPCXpresso/workspace/nxp_lpcxpresso_11u14_board_lib/Debug/libnxp_lpcxpresso_11u14_board_lib.a(board_sysinit.o)
 .text.Chip_Clock_EnablePeriphClock
                0x000005f0       0x30 /home/parth/LPCXpresso/workspace/nxp_lpcxpresso_11u14_board_lib/Debug/libnxp_lpcxpresso_11u14_board_lib.a(board_sysinit.o)
 .text.SystemSetupClocking
                0x00000620       0x8c /home/parth/LPCXpresso/workspace/nxp_lpcxpresso_11u14_board_lib/Debug/libnxp_lpcxpresso_11u14_board_lib.a(board_sysinit.o)
 .text.SystemSetupMuxing
                0x000006ac       0x50 /home/parth/LPCXpresso/workspace/nxp_lpcxpresso_11u14_board_lib/Debug/libnxp_lpcxpresso_11u14_board_lib.a(board_sysinit.o)
 .text.Board_SystemInit
                0x000006fc       0x10 /home/parth/LPCXpresso/workspace/nxp_lpcxpresso_11u14_board_lib/Debug/libnxp_lpcxpresso_11u14_board_lib.a(board_sysinit.o)
                0x000006fc                Board_SystemInit
 .text.USB_Init
                0x0000070c       0x68 /home/parth/LPCXpresso/workspace/nxp_lpcxpresso_11u14_usblib_device/Debug/libnxp_lpcxpresso_11u14_usblib_device.a(USBController.o)
                0x0000070c                USB_Init
 .text.USB_USBTask
                0x00000774       0x34 /home/parth/LPCXpresso/workspace/nxp_lpcxpresso_11u14_usblib_device/Debug/libnxp_lpcxpresso_11u14_usblib_device.a(USBTask.o)
                0x00000774                USB_USBTask
 .text.cdc_write
                0x000007a8       0x94 /home/parth/LPCXpresso/workspace/nxp_lpcxpresso_11u14_usblib_device/Debug/libnxp_lpcxpresso_11u14_usblib_device.a(CDCClassDevice.o)
                0x000007a8                cdc_write
 .text.CDC_Device_ConfigureEndpoints
                0x0000083c      0x140 /home/parth/LPCXpresso/workspace/nxp_lpcxpresso_11u14_usblib_device/Debug/libnxp_lpcxpresso_11u14_usblib_device.a(CDCClassDevice.o)
                0x0000083c                CDC_Device_ConfigureEndpoints
 .text.CDC_Device_Flush
                0x0000097c      0x15c /home/parth/LPCXpresso/workspace/nxp_lpcxpresso_11u14_usblib_device/Debug/libnxp_lpcxpresso_11u14_usblib_device.a(CDCClassDevice.o)
                0x0000097c                CDC_Device_Flush
 .text.cdc_read_blocking
                0x00000ad8      0x1c0 /home/parth/LPCXpresso/workspace/nxp_lpcxpresso_11u14_usblib_device/Debug/libnxp_lpcxpresso_11u14_usblib_device.a(CDCClassDevice.o)
                0x00000ad8                cdc_read_blocking
 .text.CDC_Device_BytesReceived
                0x00000c98       0xb4 /home/parth/LPCXpresso/workspace/nxp_lpcxpresso_11u14_usblib_device/Debug/libnxp_lpcxpresso_11u14_usblib_device.a(CDCClassDevice.o)
                0x00000c98                CDC_Device_BytesReceived
 .text.CDC_Device_CreateBlockingStream
                0x00000d4c       0x2c /home/parth/LPCXpresso/workspace/nxp_lpcxpresso_11u14_usblib_device/Debug/libnxp_lpcxpresso_11u14_usblib_device.a(CDCClassDevice.o)
                0x00000d4c                CDC_Device_CreateBlockingStream
 .text.CDC_Device_Event_Stub
                0x00000d78        0x4 /home/parth/LPCXpresso/workspace/nxp_lpcxpresso_11u14_usblib_device/Debug/libnxp_lpcxpresso_11u14_usblib_device.a(CDCClassDevice.o)
                0x00000d78                EVENT_CDC_Device_ControLineStateChanged
                0x00000d78                CDC_Device_Event_Stub
 .text.CDC_Device_Event_Stub2
                0x00000d7c        0x4 /home/parth/LPCXpresso/workspace/nxp_lpcxpresso_11u14_usblib_device/Debug/libnxp_lpcxpresso_11u14_usblib_device.a(CDCClassDevice.o)
                0x00000d7c                EVENT_CDC_Device_BreakSent
                0x00000d7c                CDC_Device_Event_Stub2
 .text.CDC_Device_ProcessControlRequest
                0x00000d80      0x598 /home/parth/LPCXpresso/workspace/nxp_lpcxpresso_11u14_usblib_device/Debug/libnxp_lpcxpresso_11u14_usblib_device.a(CDCClassDevice.o)
                0x00000d80                CDC_Device_ProcessControlRequest
 .text.HAL_USBInit
                0x00001318       0x60 /home/parth/LPCXpresso/workspace/nxp_lpcxpresso_11u14_usblib_device/Debug/libnxp_lpcxpresso_11u14_usblib_device.a(HAL_LPC11Uxx.o)
                0x00001318                HAL_USBInit
 .text.HAL_EnableUSBInterrupt
                0x00001378       0x10 /home/parth/LPCXpresso/workspace/nxp_lpcxpresso_11u14_usblib_device/Debug/libnxp_lpcxpresso_11u14_usblib_device.a(HAL_LPC11Uxx.o)
                0x00001378                HAL_EnableUSBInterrupt
 .text.HAL_SetDeviceAddress
                0x00001388       0x1c /home/parth/LPCXpresso/workspace/nxp_lpcxpresso_11u14_usblib_device/Debug/libnxp_lpcxpresso_11u14_usblib_device.a(HAL_LPC11Uxx.o)
                0x00001388                HAL_SetDeviceAddress
 .text.HAL_USBConnect
                0x000013a4       0x24 /home/parth/LPCXpresso/workspace/nxp_lpcxpresso_11u14_usblib_device/Debug/libnxp_lpcxpresso_11u14_usblib_device.a(HAL_LPC11Uxx.o)
                0x000013a4                HAL_USBConnect
 .text.HAL_Reset
                0x000013c8       0x60 /home/parth/LPCXpresso/workspace/nxp_lpcxpresso_11u14_usblib_device/Debug/libnxp_lpcxpresso_11u14_usblib_device.a(Endpoint_LPC11Uxx.o)
                0x000013c8                HAL_Reset
 .text.Endpoint_ConfigureEndpoint
                0x00001428       0x8c /home/parth/LPCXpresso/workspace/nxp_lpcxpresso_11u14_usblib_device/Debug/libnxp_lpcxpresso_11u14_usblib_device.a(Endpoint_LPC11Uxx.o)
                0x00001428                Endpoint_ConfigureEndpoint
 .text.DcdDataTransfer
                0x000014b4       0x74 /home/parth/LPCXpresso/workspace/nxp_lpcxpresso_11u14_usblib_device/Debug/libnxp_lpcxpresso_11u14_usblib_device.a(Endpoint_LPC11Uxx.o)
                0x000014b4                DcdDataTransfer
 .text.Endpoint_GetSetupPackage
                0x00001528       0x2c /home/parth/LPCXpresso/workspace/nxp_lpcxpresso_11u14_usblib_device/Debug/libnxp_lpcxpresso_11u14_usblib_device.a(Endpoint_LPC11Uxx.o)
                0x00001528                Endpoint_GetSetupPackage
 .text.USB_IRQHandler
                0x00001554      0x414 /home/parth/LPCXpresso/workspace/nxp_lpcxpresso_11u14_usblib_device/Debug/libnxp_lpcxpresso_11u14_usblib_device.a(Endpoint_LPC11Uxx.o)
                0x00001554                USB_IRQHandler
 .text.USB_Device_ProcessControlRequest
                0x00001968      0x3bc /home/parth/LPCXpresso/workspace/nxp_lpcxpresso_11u14_usblib_device/Debug/libnxp_lpcxpresso_11u14_usblib_device.a(DeviceStandardReq.o)
                0x00001968                USB_Device_ProcessControlRequest
 .text.Endpoint_ClearStatusStage
                0x00001d24       0xb4 /home/parth/LPCXpresso/workspace/nxp_lpcxpresso_11u14_usblib_device/Debug/libnxp_lpcxpresso_11u14_usblib_device.a(Endpoint.o)
                0x00001d24                Endpoint_ClearStatusStage
 .text.Endpoint_WaitUntilReady
                0x00001dd8        0x4 /home/parth/LPCXpresso/workspace/nxp_lpcxpresso_11u14_usblib_device/Debug/libnxp_lpcxpresso_11u14_usblib_device.a(Endpoint.o)
                0x00001dd8                Endpoint_WaitUntilReady
 .text.Endpoint_Write_Stream_LE
                0x00001ddc      0x100 /home/parth/LPCXpresso/workspace/nxp_lpcxpresso_11u14_usblib_device/Debug/libnxp_lpcxpresso_11u14_usblib_device.a(EndpointStream.o)
                0x00001ddc                Endpoint_Write_Stream_LE
 .text.Endpoint_Write_Control_Stream_LE
                0x00001edc      0x160 /home/parth/LPCXpresso/workspace/nxp_lpcxpresso_11u14_usblib_device/Debug/libnxp_lpcxpresso_11u14_usblib_device.a(EndpointStream.o)
                0x00001edc                Endpoint_Write_Control_Stream_LE
 .text          0x0000203c       0x9c /usr/local/lpcxpresso_7.5.0_254/lpcxpresso/tools/bin/../lib/gcc/arm-none-eabi/4.8.4/armv6-m/libgcc.a(_udivsi3.o)
                0x0000203c                __udivsi3
                0x0000203c                __aeabi_uidiv
                0x000020c4                __aeabi_uidivmod
 .text          0x000020d8        0x4 /usr/local/lpcxpresso_7.5.0_254/lpcxpresso/tools/bin/../lib/gcc/arm-none-eabi/4.8.4/armv6-m/libgcc.a(_dvmd_tls.o)
                0x000020d8                __aeabi_ldiv0
                0x000020d8                __aeabi_idiv0
 .text._fgetc_r
                0x000020dc       0x5c /usr/local/lpcxpresso_7.5.0_254/lpcxpresso/tools/bin/../lib/gcc/arm-none-eabi/4.8.4/../../../../arm-none-eabi/lib/armv6-m/libc_s.a(lib_a-fgetc.o)
                0x000020dc                _fgetc_r
 .text.fgetc    0x00002138       0x14 /usr/local/lpcxpresso_7.5.0_254/lpcxpresso/tools/bin/../lib/gcc/arm-none-eabi/4.8.4/../../../../arm-none-eabi/lib/armv6-m/libc_s.a(lib_a-fgetc.o)
                0x00002138                fgetc
 .text._cleanup_r
                0x0000214c       0x34 /usr/local/lpcxpresso_7.5.0_254/lpcxpresso/tools/bin/../lib/gcc/arm-none-eabi/4.8.4/../../../../arm-none-eabi/lib/armv6-m/libc_s.a(lib_a-findfp.o)
                0x0000214c                _cleanup_r
 .text.std.isra.0
                0x00002180       0x48 /usr/local/lpcxpresso_7.5.0_254/lpcxpresso/tools/bin/../lib/gcc/arm-none-eabi/4.8.4/../../../../arm-none-eabi/lib/armv6-m/libc_s.a(lib_a-findfp.o)
 .text.__sfmoreglue
                0x000021c8       0x2c /usr/local/lpcxpresso_7.5.0_254/lpcxpresso/tools/bin/../lib/gcc/arm-none-eabi/4.8.4/../../../../arm-none-eabi/lib/armv6-m/libc_s.a(lib_a-findfp.o)
                0x000021c8                __sfmoreglue
 .text.__sinit  0x000021f4       0x64 /usr/local/lpcxpresso_7.5.0_254/lpcxpresso/tools/bin/../lib/gcc/arm-none-eabi/4.8.4/../../../../arm-none-eabi/lib/armv6-m/libc_s.a(lib_a-findfp.o)
                0x000021f4                __sinit
 .text.__sfp    0x00002258       0x7c /usr/local/lpcxpresso_7.5.0_254/lpcxpresso/tools/bin/../lib/gcc/arm-none-eabi/4.8.4/../../../../arm-none-eabi/lib/armv6-m/libc_s.a(lib_a-findfp.o)
                0x00002258                __sfp
 .text.__sfp_lock_acquire
                0x000022d4        0x2 /usr/local/lpcxpresso_7.5.0_254/lpcxpresso/tools/bin/../lib/gcc/arm-none-eabi/4.8.4/../../../../arm-none-eabi/lib/armv6-m/libc_s.a(lib_a-findfp.o)
                0x000022d4                __sfp_lock_acquire
 .text.__sfp_lock_release
                0x000022d6        0x2 /usr/local/lpcxpresso_7.5.0_254/lpcxpresso/tools/bin/../lib/gcc/arm-none-eabi/4.8.4/../../../../arm-none-eabi/lib/armv6-m/libc_s.a(lib_a-findfp.o)
                0x000022d6                __sfp_lock_release
 .text.fccloser
                0x000022d8       0x3c /usr/local/lpcxpresso_7.5.0_254/lpcxpresso/tools/bin/../lib/gcc/arm-none-eabi/4.8.4/../../../../arm-none-eabi/lib/armv6-m/libc_s.a(lib_a-fopencookie.o)
 .text.fcseeker
                0x00002314       0x36 /usr/local/lpcxpresso_7.5.0_254/lpcxpresso/tools/bin/../lib/gcc/arm-none-eabi/4.8.4/../../../../arm-none-eabi/lib/armv6-m/libc_s.a(lib_a-fopencookie.o)
 .text.fcwriter
                0x0000234a       0x4e /usr/local/lpcxpresso_7.5.0_254/lpcxpresso/tools/bin/../lib/gcc/arm-none-eabi/4.8.4/../../../../arm-none-eabi/lib/armv6-m/libc_s.a(lib_a-fopencookie.o)
 .text.fcreader
                0x00002398       0x36 /usr/local/lpcxpresso_7.5.0_254/lpcxpresso/tools/bin/../lib/gcc/arm-none-eabi/4.8.4/../../../../arm-none-eabi/lib/armv6-m/libc_s.a(lib_a-fopencookie.o)
 *fill*         0x000023ce        0x2 
 .text._fopencookie_r
                0x000023d0       0xb0 /usr/local/lpcxpresso_7.5.0_254/lpcxpresso/tools/bin/../lib/gcc/arm-none-eabi/4.8.4/../../../../arm-none-eabi/lib/armv6-m/libc_s.a(lib_a-fopencookie.o)
                0x000023d0                _fopencookie_r
 .text.fopencookie
                0x00002480       0x34 /usr/local/lpcxpresso_7.5.0_254/lpcxpresso/tools/bin/../lib/gcc/arm-none-eabi/4.8.4/../../../../arm-none-eabi/lib/armv6-m/libc_s.a(lib_a-fopencookie.o)
                0x00002480                fopencookie
 .text.fprintf  0x000024b4       0x24 /usr/local/lpcxpresso_7.5.0_254/lpcxpresso/tools/bin/../lib/gcc/arm-none-eabi/4.8.4/../../../../arm-none-eabi/lib/armv6-m/libc_s.a(lib_a-fprintf.o)
                0x000024b4                fprintf
                0x000024b4                fiprintf
 .text._fputc_r
                0x000024d8       0x4c /usr/local/lpcxpresso_7.5.0_254/lpcxpresso/tools/bin/../lib/gcc/arm-none-eabi/4.8.4/../../../../arm-none-eabi/lib/armv6-m/libc_s.a(lib_a-fputc.o)
                0x000024d8                _fputc_r
 .text.fputc    0x00002524       0x18 /usr/local/lpcxpresso_7.5.0_254/lpcxpresso/tools/bin/../lib/gcc/arm-none-eabi/4.8.4/../../../../arm-none-eabi/lib/armv6-m/libc_s.a(lib_a-fputc.o)
                0x00002524                fputc
 .text._fwalk   0x0000253c       0x38 /usr/local/lpcxpresso_7.5.0_254/lpcxpresso/tools/bin/../lib/gcc/arm-none-eabi/4.8.4/../../../../arm-none-eabi/lib/armv6-m/libc_s.a(lib_a-fwalk.o)
                0x0000253c                _fwalk
 .text._fwalk_reent
                0x00002574       0x42 /usr/local/lpcxpresso_7.5.0_254/lpcxpresso/tools/bin/../lib/gcc/arm-none-eabi/4.8.4/../../../../arm-none-eabi/lib/armv6-m/libc_s.a(lib_a-fwalk.o)
                0x00002574                _fwalk_reent
 .text.memcpy   0x000025b6       0x12 /usr/local/lpcxpresso_7.5.0_254/lpcxpresso/tools/bin/../lib/gcc/arm-none-eabi/4.8.4/../../../../arm-none-eabi/lib/armv6-m/libc_s.a(lib_a-memcpy-stub.o)
                0x000025b6                memcpy
 .text.memset   0x000025c8       0x10 /usr/local/lpcxpresso_7.5.0_254/lpcxpresso/tools/bin/../lib/gcc/arm-none-eabi/4.8.4/../../../../arm-none-eabi/lib/armv6-m/libc_s.a(lib_a-memset.o)
                0x000025c8                memset
 .text._free_r  0x000025d8       0x90 /usr/local/lpcxpresso_7.5.0_254/lpcxpresso/tools/bin/../lib/gcc/arm-none-eabi/4.8.4/../../../../arm-none-eabi/lib/armv6-m/libc_s.a(lib_a-nano-freer.o)
                0x000025d8                _free_r
 .text._malloc_r
                0x00002668       0xa8 /usr/local/lpcxpresso_7.5.0_254/lpcxpresso/tools/bin/../lib/gcc/arm-none-eabi/4.8.4/../../../../arm-none-eabi/lib/armv6-m/libc_s.a(lib_a-nano-mallocr.o)
                0x00002668                _malloc_r
 .text._putc_r  0x00002710       0x78 /usr/local/lpcxpresso_7.5.0_254/lpcxpresso/tools/bin/../lib/gcc/arm-none-eabi/4.8.4/../../../../arm-none-eabi/lib/armv6-m/libc_s.a(lib_a-putc.o)
                0x00002710                _putc_r
 .text.__srget_r
                0x00002788       0x60 /usr/local/lpcxpresso_7.5.0_254/lpcxpresso/tools/bin/../lib/gcc/arm-none-eabi/4.8.4/../../../../arm-none-eabi/lib/armv6-m/libc_s.a(lib_a-rget.o)
                0x00002788                __srget_r
 .text._sbrk_r  0x000027e8       0x24 /usr/local/lpcxpresso_7.5.0_254/lpcxpresso/tools/bin/../lib/gcc/arm-none-eabi/4.8.4/../../../../arm-none-eabi/lib/armv6-m/libc_s.a(lib_a-sbrkr.o)
                0x000027e8                _sbrk_r
 .text.setbuf   0x0000280c       0x12 /usr/local/lpcxpresso_7.5.0_254/lpcxpresso/tools/bin/../lib/gcc/arm-none-eabi/4.8.4/../../../../arm-none-eabi/lib/armv6-m/libc_s.a(lib_a-setbuf.o)
                0x0000280c                setbuf
 *fill*         0x0000281e        0x2 
 .text.setvbuf  0x00002820      0x10c /usr/local/lpcxpresso_7.5.0_254/lpcxpresso/tools/bin/../lib/gcc/arm-none-eabi/4.8.4/../../../../arm-none-eabi/lib/armv6-m/libc_s.a(lib_a-setvbuf.o)
                0x00002820                setvbuf
 .text.__sread  0x0000292c       0x28 /usr/local/lpcxpresso_7.5.0_254/lpcxpresso/tools/bin/../lib/gcc/arm-none-eabi/4.8.4/../../../../arm-none-eabi/lib/armv6-m/libc_s.a(lib_a-stdio.o)
                0x0000292c                __sread
 .text.__swrite
                0x00002954       0x38 /usr/local/lpcxpresso_7.5.0_254/lpcxpresso/tools/bin/../lib/gcc/arm-none-eabi/4.8.4/../../../../arm-none-eabi/lib/armv6-m/libc_s.a(lib_a-stdio.o)
                0x00002954                __swrite
 .text.__sseek  0x0000298c       0x2c /usr/local/lpcxpresso_7.5.0_254/lpcxpresso/tools/bin/../lib/gcc/arm-none-eabi/4.8.4/../../../../arm-none-eabi/lib/armv6-m/libc_s.a(lib_a-stdio.o)
                0x0000298c                __sseek
 .text.__sclose
                0x000029b8        0xc /usr/local/lpcxpresso_7.5.0_254/lpcxpresso/tools/bin/../lib/gcc/arm-none-eabi/4.8.4/../../../../arm-none-eabi/lib/armv6-m/libc_s.a(lib_a-stdio.o)
                0x000029b8                __sclose
 .text.strlen   0x000029c4        0xe /usr/local/lpcxpresso_7.5.0_254/lpcxpresso/tools/bin/../lib/gcc/arm-none-eabi/4.8.4/../../../../arm-none-eabi/lib/armv6-m/libc_s.a(lib_a-strlen.o)
                0x000029c4                strlen
 .text.__sfputc_r
                0x000029d2       0x2a /usr/local/lpcxpresso_7.5.0_254/lpcxpresso/tools/bin/../lib/gcc/arm-none-eabi/4.8.4/../../../../arm-none-eabi/lib/armv6-m/libc_s.a(lib_a-vfprintf.o)
 .text.__sfputs_r
                0x000029fc       0x24 /usr/local/lpcxpresso_7.5.0_254/lpcxpresso/tools/bin/../lib/gcc/arm-none-eabi/4.8.4/../../../../arm-none-eabi/lib/armv6-m/libc_s.a(lib_a-vfprintf.o)
                0x000029fc                __sfputs_r
 .text._vfprintf_r
                0x00002a20      0x210 /usr/local/lpcxpresso_7.5.0_254/lpcxpresso/tools/bin/../lib/gcc/arm-none-eabi/4.8.4/../../../../arm-none-eabi/lib/armv6-m/libc_s.a(lib_a-vfprintf.o)
                0x00002a20                _vfiprintf_r
                0x00002a20                _vfprintf_r
 .text._printf_common
                0x00002c30       0xe8 /usr/local/lpcxpresso_7.5.0_254/lpcxpresso/tools/bin/../lib/gcc/arm-none-eabi/4.8.4/../../../../arm-none-eabi/lib/armv6-m/libc_s.a(lib_a-vfprintf_i.o)
                0x00002c30                _printf_common
 .text._printf_i
                0x00002d18      0x22c /usr/local/lpcxpresso_7.5.0_254/lpcxpresso/tools/bin/../lib/gcc/arm-none-eabi/4.8.4/../../../../arm-none-eabi/lib/armv6-m/libc_s.a(lib_a-vfprintf_i.o)
                0x00002d18                _printf_i
 .text.__swbuf_r
                0x00002f44       0xb0 /usr/local/lpcxpresso_7.5.0_254/lpcxpresso/tools/bin/../lib/gcc/arm-none-eabi/4.8.4/../../../../arm-none-eabi/lib/armv6-m/libc_s.a(lib_a-wbuf.o)
                0x00002f44                __swbuf_r
 .text._write_r
                0x00002ff4       0x28 /usr/local/lpcxpresso_7.5.0_254/lpcxpresso/tools/bin/../lib/gcc/arm-none-eabi/4.8.4/../../../../arm-none-eabi/lib/armv6-m/libc_s.a(lib_a-writer.o)
                0x00002ff4                _write_r
 .text.__swsetup_r
                0x0000301c       0xe4 /usr/local/lpcxpresso_7.5.0_254/lpcxpresso/tools/bin/../lib/gcc/arm-none-eabi/4.8.4/../../../../arm-none-eabi/lib/armv6-m/libc_s.a(lib_a-wsetup.o)
                0x0000301c                __swsetup_r
 .text._close_r
                0x00003100       0x24 /usr/local/lpcxpresso_7.5.0_254/lpcxpresso/tools/bin/../lib/gcc/arm-none-eabi/4.8.4/../../../../arm-none-eabi/lib/armv6-m/libc_s.a(lib_a-closer.o)
                0x00003100                _close_r
 .text.__errno  0x00003124        0xc /usr/local/lpcxpresso_7.5.0_254/lpcxpresso/tools/bin/../lib/gcc/arm-none-eabi/4.8.4/../../../../arm-none-eabi/lib/armv6-m/libc_s.a(lib_a-errno.o)
                0x00003124                __errno
 .text.__sflush_r
                0x00003130      0x112 /usr/local/lpcxpresso_7.5.0_254/lpcxpresso/tools/bin/../lib/gcc/arm-none-eabi/4.8.4/../../../../arm-none-eabi/lib/armv6-m/libc_s.a(lib_a-fflush.o)
                0x00003130                __sflush_r
 *fill*         0x00003242        0x2 
 .text._fflush_r
                0x00003244       0x58 /usr/local/lpcxpresso_7.5.0_254/lpcxpresso/tools/bin/../lib/gcc/arm-none-eabi/4.8.4/../../../../arm-none-eabi/lib/armv6-m/libc_s.a(lib_a-fflush.o)
                0x00003244                _fflush_r
 .text.fflush   0x0000329c       0x28 /usr/local/lpcxpresso_7.5.0_254/lpcxpresso/tools/bin/../lib/gcc/arm-none-eabi/4.8.4/../../../../arm-none-eabi/lib/armv6-m/libc_s.a(lib_a-fflush.o)
                0x0000329c                fflush
 .text.__sflags
                0x000032c4       0x6e /usr/local/lpcxpresso_7.5.0_254/lpcxpresso/tools/bin/../lib/gcc/arm-none-eabi/4.8.4/../../../../arm-none-eabi/lib/armv6-m/libc_s.a(lib_a-flags.o)
                0x000032c4                __sflags
 *fill*         0x00003332        0x2 
 .text._lseek_r
                0x00003334       0x28 /usr/local/lpcxpresso_7.5.0_254/lpcxpresso/tools/bin/../lib/gcc/arm-none-eabi/4.8.4/../../../../arm-none-eabi/lib/armv6-m/libc_s.a(lib_a-lseekr.o)
                0x00003334                _lseek_r
 .text.__smakebuf_r
                0x0000335c       0xa0 /usr/local/lpcxpresso_7.5.0_254/lpcxpresso/tools/bin/../lib/gcc/arm-none-eabi/4.8.4/../../../../arm-none-eabi/lib/armv6-m/libc_s.a(lib_a-makebuf.o)
                0x0000335c                __smakebuf_r
 .text.malloc   0x000033fc       0x14 /usr/local/lpcxpresso_7.5.0_254/lpcxpresso/tools/bin/../lib/gcc/arm-none-eabi/4.8.4/../../../../arm-none-eabi/lib/armv6-m/libc_s.a(lib_a-malloc.o)
                0x000033fc                malloc
 .text.memchr   0x00003410       0x16 /usr/local/lpcxpresso_7.5.0_254/lpcxpresso/tools/bin/../lib/gcc/arm-none-eabi/4.8.4/../../../../arm-none-eabi/lib/armv6-m/libc_s.a(lib_a-memchr-stub.o)
                0x00003410                memchr
 *fill*         0x00003426        0x2 
 .text._read_r  0x00003428       0x28 /usr/local/lpcxpresso_7.5.0_254/lpcxpresso/tools/bin/../lib/gcc/arm-none-eabi/4.8.4/../../../../arm-none-eabi/lib/armv6-m/libc_s.a(lib_a-readr.o)
                0x00003428                _read_r
 .text.lflush   0x00003450       0x18 /usr/local/lpcxpresso_7.5.0_254/lpcxpresso/tools/bin/../lib/gcc/arm-none-eabi/4.8.4/../../../../arm-none-eabi/lib/armv6-m/libc_s.a(lib_a-refill.o)
 .text.__srefill_r
                0x00003468      0x110 /usr/local/lpcxpresso_7.5.0_254/lpcxpresso/tools/bin/../lib/gcc/arm-none-eabi/4.8.4/../../../../arm-none-eabi/lib/armv6-m/libc_s.a(lib_a-refill.o)
                0x00003468                __srefill_r
 .text._fstat_r
                0x00003578       0x24 /usr/local/lpcxpresso_7.5.0_254/lpcxpresso/tools/bin/../lib/gcc/arm-none-eabi/4.8.4/../../../../arm-none-eabi/lib/armv6-m/libc_s.a(lib_a-fstatr.o)
                0x00003578                _fstat_r
 .text._isatty_r
                0x0000359c       0x24 /usr/local/lpcxpresso_7.5.0_254/lpcxpresso/tools/bin/../lib/gcc/arm-none-eabi/4.8.4/../../../../arm-none-eabi/lib/armv6-m/libc_s.a(lib_a-isattyr.o)
                0x0000359c                _isatty_r
 .text._sbrk    0x000035c0       0x40 /usr/local/lpcxpresso_7.5.0_254/lpcxpresso/tools/bin/../lib/gcc/arm-none-eabi/4.8.4/../../../../arm-none-eabi/lib/armv6-m/libcr_newlib_nohost.a(_cr_sbrk.o)
                0x000035c0                _sbrk
 .text._close   0x00003600       0x10 /usr/local/lpcxpresso_7.5.0_254/lpcxpresso/tools/bin/../lib/gcc/arm-none-eabi/4.8.4/../../../../arm-none-eabi/lib/armv6-m/libcr_newlib_nohost.a(close.o)
                0x00003600                _close
 .text._fstat   0x00003610       0x10 /usr/local/lpcxpresso_7.5.0_254/lpcxpresso/tools/bin/../lib/gcc/arm-none-eabi/4.8.4/../../../../arm-none-eabi/lib/armv6-m/libcr_newlib_nohost.a(fstat.o)
                0x00003610                _fstat
 .text._isatty  0x00003620       0x10 /usr/local/lpcxpresso_7.5.0_254/lpcxpresso/tools/bin/../lib/gcc/arm-none-eabi/4.8.4/../../../../arm-none-eabi/lib/armv6-m/libcr_newlib_nohost.a(isatty.o)
                0x00003620                _isatty
 .text._lseek   0x00003630       0x10 /usr/local/lpcxpresso_7.5.0_254/lpcxpresso/tools/bin/../lib/gcc/arm-none-eabi/4.8.4/../../../../arm-none-eabi/lib/armv6-m/libcr_newlib_nohost.a(lseek.o)
                0x00003630                _lseek
 .text._read    0x00003640       0x10 /usr/local/lpcxpresso_7.5.0_254/lpcxpresso/tools/bin/../lib/gcc/arm-none-eabi/4.8.4/../../../../arm-none-eabi/lib/armv6-m/libcr_newlib_nohost.a(read.o)
                0x00003640                _read
 .text._write   0x00003650       0x10 /usr/local/lpcxpresso_7.5.0_254/lpcxpresso/tools/bin/../lib/gcc/arm-none-eabi/4.8.4/../../../../arm-none-eabi/lib/armv6-m/libcr_newlib_nohost.a(write.o)
                0x00003650                _write
 .text.__check_heap_overflow
                0x00003660       0x18 /usr/local/lpcxpresso_7.5.0_254/lpcxpresso/tools/bin/../lib/gcc/arm-none-eabi/4.8.4/../../../../arm-none-eabi/lib/armv6-m/libcr_newlib_nohost.a(_cr_check_heap.o)
                0x00003660                __check_heap_overflow
 *(.rodata .rodata.* .constdata .constdata.*)
 .rodata.str1.1
                0x00003678        0xa ./example/src/VirtualSerial.o
 *fill*         0x00003682        0x2 
 .rodata        0x00003684       0x40 /tmp/cc48genI.ltrans0.ltrans.o
 .rodata.OscRateIn
                0x000036c4        0x4 /home/parth/LPCXpresso/workspace/nxp_lpcxpresso_11u14_board_lib/Debug/libnxp_lpcxpresso_11u14_board_lib.a(board.o)
                0x000036c4                OscRateIn
 .rodata.pinmuxing
                0x000036c8       0x20 /home/parth/LPCXpresso/workspace/nxp_lpcxpresso_11u14_board_lib/Debug/libnxp_lpcxpresso_11u14_board_lib.a(board_sysinit.o)
 .rodata.str1.4
                0x000036e8        0x4 /home/parth/LPCXpresso/workspace/nxp_lpcxpresso_11u14_usblib_device/Debug/libnxp_lpcxpresso_11u14_usblib_device.a(CDCClassDevice.o)
 .rodata.USB_Device_ProcessControlRequest
                0x000036ec       0x28 /home/parth/LPCXpresso/workspace/nxp_lpcxpresso_11u14_usblib_device/Debug/libnxp_lpcxpresso_11u14_usblib_device.a(DeviceStandardReq.o)
 .rodata.__sf_fake_stdin
                0x00003714       0x20 /usr/local/lpcxpresso_7.5.0_254/lpcxpresso/tools/bin/../lib/gcc/arm-none-eabi/4.8.4/../../../../arm-none-eabi/lib/armv6-m/libc_s.a(lib_a-findfp.o)
                0x00003714                __sf_fake_stdin
 .rodata.__sf_fake_stdout
                0x00003734       0x20 /usr/local/lpcxpresso_7.5.0_254/lpcxpresso/tools/bin/../lib/gcc/arm-none-eabi/4.8.4/../../../../arm-none-eabi/lib/armv6-m/libc_s.a(lib_a-findfp.o)
                0x00003734                __sf_fake_stdout
 .rodata.__sf_fake_stderr
                0x00003754       0x20 /usr/local/lpcxpresso_7.5.0_254/lpcxpresso/tools/bin/../lib/gcc/arm-none-eabi/4.8.4/../../../../arm-none-eabi/lib/armv6-m/libc_s.a(lib_a-findfp.o)
                0x00003754                __sf_fake_stderr
 .rodata.str1.1
                0x00003774        0x2 /usr/local/lpcxpresso_7.5.0_254/lpcxpresso/tools/bin/../lib/gcc/arm-none-eabi/4.8.4/../../../../arm-none-eabi/lib/armv6-m/libc_s.a(lib_a-impure.o)
 *fill*         0x00003776        0x2 
 .rodata._global_impure_ptr
                0x00003778        0x4 /usr/local/lpcxpresso_7.5.0_254/lpcxpresso/tools/bin/../lib/gcc/arm-none-eabi/4.8.4/../../../../arm-none-eabi/lib/armv6-m/libc_s.a(lib_a-impure.o)
                0x00003778                _global_impure_ptr
 .rodata.str1.1
                0x0000377c       0x11 /usr/local/lpcxpresso_7.5.0_254/lpcxpresso/tools/bin/../lib/gcc/arm-none-eabi/4.8.4/../../../../arm-none-eabi/lib/armv6-m/libc_s.a(lib_a-vfprintf.o)
 .rodata.str1.1
                0x0000378d       0x22 /usr/local/lpcxpresso_7.5.0_254/lpcxpresso/tools/bin/../lib/gcc/arm-none-eabi/4.8.4/../../../../arm-none-eabi/lib/armv6-m/libc_s.a(lib_a-vfprintf_i.o)
                0x000037b0                . = ALIGN (0x4)
 *fill*         0x000037af        0x1 ff

.glue_7         0x000037b0        0x0
 .glue_7        0x00000000        0x0 linker stubs

.glue_7t        0x000037b0        0x0
 .glue_7t       0x00000000        0x0 linker stubs

.vfp11_veneer   0x000037b0        0x0
 .vfp11_veneer  0x00000000        0x0 linker stubs

.v4_bx          0x000037b0        0x0
 .v4_bx         0x00000000        0x0 linker stubs

.iplt           0x000037b0        0x0
 .iplt          0x00000000        0x0 ./example/src/Lib/UsbRom.o

.rel.dyn        0x000037b0        0x0
 .rel.iplt      0x00000000        0x0 ./example/src/Lib/UsbRom.o

.ARM.extab
 *(.ARM.extab* .gnu.linkonce.armextab.*)
                0x000037b0                __exidx_start = .

.ARM.exidx
 *(.ARM.exidx* .gnu.linkonce.armexidx.*)
                0x000037b0                __exidx_end = .
                0x000037b0                _etext = .

.data_RAM2      0x20004000        0x0 load address 0x000037b0
 FILL mask 0xff
 *(.ramfunc.$RAM2)
 *(.ramfunc.$RamUsb2)
 *(.data.$RAM2*)
 *(.data.$RamUsb2*)
                0x20004000                . = ALIGN (0x4)

.uninit_RESERVED
                0x10000000        0x0
 *(.bss.$RESERVED*)
                0x10000000                . = ALIGN (0x4)
                0x10000000                _end_uninit_RESERVED = .

.data           0x10000000      0x110 load address 0x000037b0
 FILL mask 0xff
                0x10000000                _data = .
 *(vtable)
 *(.ramfunc*)
 *(.data*)
 .data.DeviceDescriptor
                0x10000000       0x12 ./example/src/Descriptors.o
                0x10000000                DeviceDescriptor
 .data.ProductString
                0x10000012       0x26 ./example/src/Descriptors.o
                0x10000012                ProductString
 .data.ProductStringPtr
                0x10000038        0x4 ./example/src/Descriptors.o
                0x10000038                ProductStringPtr
 .data.LanguageString
                0x1000003c        0x4 ./example/src/Descriptors.o
                0x1000003c                LanguageString
 .data.ManufacturerString
                0x10000040        0x8 ./example/src/Descriptors.o
                0x10000040                ManufacturerString
 .data.LanguageStringPtr
                0x10000048        0x4 ./example/src/Descriptors.o
                0x10000048                LanguageStringPtr
 .data.ConfigurationDescriptor
                0x1000004c       0x3f ./example/src/Descriptors.o
                0x1000004c                ConfigurationDescriptor
 *fill*         0x1000008b        0x1 
 .data.ManufacturerStringPtr
                0x1000008c        0x4 ./example/src/Descriptors.o
                0x1000008c                ManufacturerStringPtr
 .data.VirtualSerial_CDC_Interface
                0x10000090       0x1a ./example/src/VirtualSerial.o
                0x10000090                VirtualSerial_CDC_Interface
 *fill*         0x100000aa        0x2 
 .data.impure_data
                0x100000ac       0x60 /usr/local/lpcxpresso_7.5.0_254/lpcxpresso/tools/bin/../lib/gcc/arm-none-eabi/4.8.4/../../../../arm-none-eabi/lib/armv6-m/libc_s.a(lib_a-impure.o)
 .data._impure_ptr
                0x1000010c        0x4 /usr/local/lpcxpresso_7.5.0_254/lpcxpresso/tools/bin/../lib/gcc/arm-none-eabi/4.8.4/../../../../arm-none-eabi/lib/armv6-m/libc_s.a(lib_a-impure.o)
                0x1000010c                _impure_ptr
                0x10000110                . = ALIGN (0x4)
                0x10000110                _edata = .

.igot.plt       0x10000110        0x0 load address 0x000038c0
 .igot.plt      0x00000000        0x0 ./example/src/Lib/UsbRom.o

.bss_RAM2       0x20004000      0x800
 *(.bss.$RAM2*)
 .bss.$RAM2     0x20004000        0x8 /home/parth/LPCXpresso/workspace/nxp_lpcxpresso_11u14_usblib_device/Debug/libnxp_lpcxpresso_11u14_usblib_device.a(USBTask.o)
                0x20004000                USB_ControlRequest
 *fill*         0x20004008       0xf8 
 .bss.$RAM2     0x20004100      0x100 /home/parth/LPCXpresso/workspace/nxp_lpcxpresso_11u14_usblib_device/Debug/libnxp_lpcxpresso_11u14_usblib_device.a(Endpoint_LPC11Uxx.o)
                0x20004100                EndPointCmdStsList
 .bss.$RAM2     0x20004200      0x600 /home/parth/LPCXpresso/workspace/nxp_lpcxpresso_11u14_usblib_device/Debug/libnxp_lpcxpresso_11u14_usblib_device.a(Endpoint.o)
                0x20004200                usb_data_buffer
                0x20004400                usb_data_buffer_IN
                0x20004600                usb_data_buffer_OUT
 *(.bss.$RamUsb2*)
                0x20004800                . = ALIGN (0x4)

.bss            0x10000110       0x9c
                0x10000110                _bss = .
 *(.bss*)
 .bss.USBSerialStream
                0x10000110        0x4 ./example/src/VirtualSerial.o
 .bss.i.8484    0x10000114        0x1 ./example/src/VirtualSerial.o
 *fill*         0x10000115        0x3 
 .bss.__malloc_sbrk_start
                0x10000118        0x4 /usr/local/lpcxpresso_7.5.0_254/lpcxpresso/tools/bin/../lib/gcc/arm-none-eabi/4.8.4/../../../../arm-none-eabi/lib/armv6-m/libc_s.a(lib_a-nano-mallocr.o)
                0x10000118                __malloc_sbrk_start
 .bss.__malloc_free_list
                0x1000011c        0x4 /usr/local/lpcxpresso_7.5.0_254/lpcxpresso/tools/bin/../lib/gcc/arm-none-eabi/4.8.4/../../../../arm-none-eabi/lib/armv6-m/libc_s.a(lib_a-nano-mallocr.o)
                0x1000011c                __malloc_free_list
 *(COMMON)
 COMMON         0x10000120        0x1 ./example/src/VirtualSerial.o
                0x10000120                output
 *fill*         0x10000121        0x3 
 COMMON         0x10000124        0x4 /tmp/cc48genI.ltrans0.ltrans.o
                0x10000124                SystemCoreClock
 COMMON         0x10000128        0x1 /home/parth/LPCXpresso/workspace/nxp_lpcxpresso_11u14_usblib_device/Debug/libnxp_lpcxpresso_11u14_usblib_device.a(USBController.o)
                0x10000128                USB_CurrentMode
 *fill*         0x10000129        0x3 
 COMMON         0x1000012c        0x5 /home/parth/LPCXpresso/workspace/nxp_lpcxpresso_11u14_usblib_device/Debug/libnxp_lpcxpresso_11u14_usblib_device.a(USBTask.o)
                0x1000012c                USB_IsInitialized
                0x10000130                USB_DeviceState
 *fill*         0x10000131        0x3 
 COMMON         0x10000134       0x45 /home/parth/LPCXpresso/workspace/nxp_lpcxpresso_11u14_usblib_device/Debug/libnxp_lpcxpresso_11u14_usblib_device.a(Endpoint_LPC11Uxx.o)
                0x10000134                stream_total_packets
                0x10000138                Remain_length
                0x1000014c                epout_primed
                0x10000150                EndpointMaxPacketSize
                0x10000178                shortpacket
 COMMON         0x10000179        0x3 /home/parth/LPCXpresso/workspace/nxp_lpcxpresso_11u14_usblib_device/Debug/libnxp_lpcxpresso_11u14_usblib_device.a(DeviceStandardReq.o)
                0x10000179                USB_Device_ConfigurationNumber
                0x1000017a                USB_Device_CurrentlySelfPowered
                0x1000017b                USB_Device_RemoteWakeupEnabled
 COMMON         0x1000017c       0x25 /home/parth/LPCXpresso/workspace/nxp_lpcxpresso_11u14_usblib_device/Debug/libnxp_lpcxpresso_11u14_usblib_device.a(Endpoint.o)
                0x1000017c                usb_data_buffer_OUT_size
                0x10000180                endpointselected
                0x10000184                usb_data_buffer_index
                0x10000188                usb_data_buffer_IN_index
                0x1000018c                usb_data_buffer_size
                0x10000190                usb_data_buffer_OUT_index
                0x10000194                endpointhandle0
                0x1000019c                endpointhandle1
 *fill*         0x100001a1        0x3 
 COMMON         0x100001a4        0x4 /usr/local/lpcxpresso_7.5.0_254/lpcxpresso/tools/bin/../lib/gcc/arm-none-eabi/4.8.4/../../../../arm-none-eabi/lib/armv6-m/libc_s.a(lib_a-reent.o)
                0x100001a4                errno
 COMMON         0x100001a8        0x4 /usr/local/lpcxpresso_7.5.0_254/lpcxpresso/tools/bin/../lib/gcc/arm-none-eabi/4.8.4/../../../../arm-none-eabi/lib/armv6-m/libcr_newlib_nohost.a(_cr_sbrk.o)
                0x100001a8                __end_of_heap
                0x100001ac                . = ALIGN (0x4)
                0x100001ac                _ebss = .
                0x100001ac                PROVIDE (end, .)

.noinit_RAM2    0x20004800        0x0
 *(.noinit.$RAM2*)
 *(.noinit.$RamUsb2*)
                0x20004800                . = ALIGN (0x4)

.noinit         0x100001ac        0x0
                0x100001ac                _noinit = .
 *(.noinit*)
                0x100001ac                . = ALIGN (0x4)
                0x100001ac                _end_noinit = .
                0x100001ac                PROVIDE (_pvHeapStart, DEFINED (__user_heap_base)?__user_heap_base:.)
                0x10002000                PROVIDE (_vStackTop, DEFINED (__user_stack_top)?__user_stack_top:(__top_RamLoc8 - 0x0))
OUTPUT(nxp_lpcxpresso_11u14_lpcusblib_VirtualSerialDevice.axf elf32-littlearm)

.debug_info     0x00000000     0x9e60
 .debug_info    0x00000000      0x89f ./example/src/Descriptors.o
 .debug_info    0x0000089f     0x1220 ./example/src/VirtualSerial.o
 .debug_info    0x00001abf      0x25d ./example/src/cr_startup_lpc11xx.o
 .debug_info    0x00001d1c       0xd1 ./example/src/sysinit.o
 .debug_info    0x00001ded      0x7ad /home/parth/LPCXpresso/workspace/nxp_lpcxpresso_11u14_board_lib/Debug/libnxp_lpcxpresso_11u14_board_lib.a(board.o)
 .debug_info    0x0000259a      0x96b /home/parth/LPCXpresso/workspace/nxp_lpcxpresso_11u14_board_lib/Debug/libnxp_lpcxpresso_11u14_board_lib.a(board_sysinit.o)
 .debug_info    0x00002f05      0x5bb /home/parth/LPCXpresso/workspace/nxp_lpcxpresso_11u14_usblib_device/Debug/libnxp_lpcxpresso_11u14_usblib_device.a(USBController.o)
 .debug_info    0x000034c0      0x58a /home/parth/LPCXpresso/workspace/nxp_lpcxpresso_11u14_usblib_device/Debug/libnxp_lpcxpresso_11u14_usblib_device.a(USBTask.o)
 .debug_info    0x00003a4a     0x24b8 /home/parth/LPCXpresso/workspace/nxp_lpcxpresso_11u14_usblib_device/Debug/libnxp_lpcxpresso_11u14_usblib_device.a(CDCClassDevice.o)
 .debug_info    0x00005f02      0xc4b /home/parth/LPCXpresso/workspace/nxp_lpcxpresso_11u14_usblib_device/Debug/libnxp_lpcxpresso_11u14_usblib_device.a(HAL_LPC11Uxx.o)
 .debug_info    0x00006b4d      0xd7d /home/parth/LPCXpresso/workspace/nxp_lpcxpresso_11u14_usblib_device/Debug/libnxp_lpcxpresso_11u14_usblib_device.a(Endpoint_LPC11Uxx.o)
 .debug_info    0x000078ca      0xd75 /home/parth/LPCXpresso/workspace/nxp_lpcxpresso_11u14_usblib_device/Debug/libnxp_lpcxpresso_11u14_usblib_device.a(DeviceStandardReq.o)
 .debug_info    0x0000863f      0x53b /home/parth/LPCXpresso/workspace/nxp_lpcxpresso_11u14_usblib_device/Debug/libnxp_lpcxpresso_11u14_usblib_device.a(Endpoint.o)
 .debug_info    0x00008b7a      0xb5c /home/parth/LPCXpresso/workspace/nxp_lpcxpresso_11u14_usblib_device/Debug/libnxp_lpcxpresso_11u14_usblib_device.a(EndpointStream.o)
 .debug_info    0x000096d6      0x12d /usr/local/lpcxpresso_7.5.0_254/lpcxpresso/tools/bin/../lib/gcc/arm-none-eabi/4.8.4/../../../../arm-none-eabi/lib/armv6-m/libcr_newlib_nohost.a(_cr_sbrk.o)
 .debug_info    0x00009803       0xae /usr/local/lpcxpresso_7.5.0_254/lpcxpresso/tools/bin/../lib/gcc/arm-none-eabi/4.8.4/../../../../arm-none-eabi/lib/armv6-m/libcr_newlib_nohost.a(close.o)
 .debug_info    0x000098b1      0x22d /usr/local/lpcxpresso_7.5.0_254/lpcxpresso/tools/bin/../lib/gcc/arm-none-eabi/4.8.4/../../../../arm-none-eabi/lib/armv6-m/libcr_newlib_nohost.a(fstat.o)
 .debug_info    0x00009ade       0xae /usr/local/lpcxpresso_7.5.0_254/lpcxpresso/tools/bin/../lib/gcc/arm-none-eabi/4.8.4/../../../../arm-none-eabi/lib/armv6-m/libcr_newlib_nohost.a(isatty.o)
 .debug_info    0x00009b8c       0xca /usr/local/lpcxpresso_7.5.0_254/lpcxpresso/tools/bin/../lib/gcc/arm-none-eabi/4.8.4/../../../../arm-none-eabi/lib/armv6-m/libcr_newlib_nohost.a(lseek.o)
 .debug_info    0x00009c56       0xd0 /usr/local/lpcxpresso_7.5.0_254/lpcxpresso/tools/bin/../lib/gcc/arm-none-eabi/4.8.4/../../../../arm-none-eabi/lib/armv6-m/libcr_newlib_nohost.a(read.o)
 .debug_info    0x00009d26       0xd0 /usr/local/lpcxpresso_7.5.0_254/lpcxpresso/tools/bin/../lib/gcc/arm-none-eabi/4.8.4/../../../../arm-none-eabi/lib/armv6-m/libcr_newlib_nohost.a(write.o)
 .debug_info    0x00009df6       0x6a /usr/local/lpcxpresso_7.5.0_254/lpcxpresso/tools/bin/../lib/gcc/arm-none-eabi/4.8.4/../../../../arm-none-eabi/lib/armv6-m/libcr_newlib_nohost.a(_cr_check_heap.o)

.debug_abbrev   0x00000000     0x252e
 .debug_abbrev  0x00000000      0x169 ./example/src/Descriptors.o
 .debug_abbrev  0x00000169      0x3b8 ./example/src/VirtualSerial.o
 .debug_abbrev  0x00000521      0x106 ./example/src/cr_startup_lpc11xx.o
 .debug_abbrev  0x00000627       0x88 ./example/src/sysinit.o
 .debug_abbrev  0x000006af      0x238 /home/parth/LPCXpresso/workspace/nxp_lpcxpresso_11u14_board_lib/Debug/libnxp_lpcxpresso_11u14_board_lib.a(board.o)
 .debug_abbrev  0x000008e7      0x1cb /home/parth/LPCXpresso/workspace/nxp_lpcxpresso_11u14_board_lib/Debug/libnxp_lpcxpresso_11u14_board_lib.a(board_sysinit.o)
 .debug_abbrev  0x00000ab2      0x1e4 /home/parth/LPCXpresso/workspace/nxp_lpcxpresso_11u14_usblib_device/Debug/libnxp_lpcxpresso_11u14_usblib_device.a(USBController.o)
 .debug_abbrev  0x00000c96      0x1d9 /home/parth/LPCXpresso/workspace/nxp_lpcxpresso_11u14_usblib_device/Debug/libnxp_lpcxpresso_11u14_usblib_device.a(USBTask.o)
 .debug_abbrev  0x00000e6f      0x4d6 /home/parth/LPCXpresso/workspace/nxp_lpcxpresso_11u14_usblib_device/Debug/libnxp_lpcxpresso_11u14_usblib_device.a(CDCClassDevice.o)
 .debug_abbrev  0x00001345      0x271 /home/parth/LPCXpresso/workspace/nxp_lpcxpresso_11u14_usblib_device/Debug/libnxp_lpcxpresso_11u14_usblib_device.a(HAL_LPC11Uxx.o)
 .debug_abbrev  0x000015b6      0x316 /home/parth/LPCXpresso/workspace/nxp_lpcxpresso_11u14_usblib_device/Debug/libnxp_lpcxpresso_11u14_usblib_device.a(Endpoint_LPC11Uxx.o)
 .debug_abbrev  0x000018cc      0x300 /home/parth/LPCXpresso/workspace/nxp_lpcxpresso_11u14_usblib_device/Debug/libnxp_lpcxpresso_11u14_usblib_device.a(DeviceStandardReq.o)
 .debug_abbrev  0x00001bcc      0x246 /home/parth/LPCXpresso/workspace/nxp_lpcxpresso_11u14_usblib_device/Debug/libnxp_lpcxpresso_11u14_usblib_device.a(Endpoint.o)
 .debug_abbrev  0x00001e12      0x29f /home/parth/LPCXpresso/workspace/nxp_lpcxpresso_11u14_usblib_device/Debug/libnxp_lpcxpresso_11u14_usblib_device.a(EndpointStream.o)
 .debug_abbrev  0x000020b1       0xf6 /usr/local/lpcxpresso_7.5.0_254/lpcxpresso/tools/bin/../lib/gcc/arm-none-eabi/4.8.4/../../../../arm-none-eabi/lib/armv6-m/libcr_newlib_nohost.a(_cr_sbrk.o)
 .debug_abbrev  0x000021a7       0x66 /usr/local/lpcxpresso_7.5.0_254/lpcxpresso/tools/bin/../lib/gcc/arm-none-eabi/4.8.4/../../../../arm-none-eabi/lib/armv6-m/libcr_newlib_nohost.a(close.o)
 .debug_abbrev  0x0000220d       0xbb /usr/local/lpcxpresso_7.5.0_254/lpcxpresso/tools/bin/../lib/gcc/arm-none-eabi/4.8.4/../../../../arm-none-eabi/lib/armv6-m/libcr_newlib_nohost.a(fstat.o)
 .debug_abbrev  0x000022c8       0x66 /usr/local/lpcxpresso_7.5.0_254/lpcxpresso/tools/bin/../lib/gcc/arm-none-eabi/4.8.4/../../../../arm-none-eabi/lib/armv6-m/libcr_newlib_nohost.a(isatty.o)
 .debug_abbrev  0x0000232e       0x84 /usr/local/lpcxpresso_7.5.0_254/lpcxpresso/tools/bin/../lib/gcc/arm-none-eabi/4.8.4/../../../../arm-none-eabi/lib/armv6-m/libcr_newlib_nohost.a(lseek.o)
 .debug_abbrev  0x000023b2       0x8d /usr/local/lpcxpresso_7.5.0_254/lpcxpresso/tools/bin/../lib/gcc/arm-none-eabi/4.8.4/../../../../arm-none-eabi/lib/armv6-m/libcr_newlib_nohost.a(read.o)
 .debug_abbrev  0x0000243f       0x8d /usr/local/lpcxpresso_7.5.0_254/lpcxpresso/tools/bin/../lib/gcc/arm-none-eabi/4.8.4/../../../../arm-none-eabi/lib/armv6-m/libcr_newlib_nohost.a(write.o)
 .debug_abbrev  0x000024cc       0x62 /usr/local/lpcxpresso_7.5.0_254/lpcxpresso/tools/bin/../lib/gcc/arm-none-eabi/4.8.4/../../../../arm-none-eabi/lib/armv6-m/libcr_newlib_nohost.a(_cr_check_heap.o)

.debug_loc      0x00000000     0x47c4
 .debug_loc     0x00000000      0x1aa ./example/src/Descriptors.o
 .debug_loc     0x000001aa       0x6d ./example/src/VirtualSerial.o
 .debug_loc     0x00000217      0x1bb ./example/src/cr_startup_lpc11xx.o
 .debug_loc     0x000003d2      0x184 /home/parth/LPCXpresso/workspace/nxp_lpcxpresso_11u14_usblib_device/Debug/libnxp_lpcxpresso_11u14_usblib_device.a(USBController.o)
 .debug_loc     0x00000556      0x18a /home/parth/LPCXpresso/workspace/nxp_lpcxpresso_11u14_usblib_device/Debug/libnxp_lpcxpresso_11u14_usblib_device.a(USBTask.o)
 .debug_loc     0x000006e0     0x1e37 /home/parth/LPCXpresso/workspace/nxp_lpcxpresso_11u14_usblib_device/Debug/libnxp_lpcxpresso_11u14_usblib_device.a(CDCClassDevice.o)
 .debug_loc     0x00002517       0xbe /home/parth/LPCXpresso/workspace/nxp_lpcxpresso_11u14_usblib_device/Debug/libnxp_lpcxpresso_11u14_usblib_device.a(HAL_LPC11Uxx.o)
 .debug_loc     0x000025d5      0xd7e /home/parth/LPCXpresso/workspace/nxp_lpcxpresso_11u14_usblib_device/Debug/libnxp_lpcxpresso_11u14_usblib_device.a(Endpoint_LPC11Uxx.o)
 .debug_loc     0x00003353      0x621 /home/parth/LPCXpresso/workspace/nxp_lpcxpresso_11u14_usblib_device/Debug/libnxp_lpcxpresso_11u14_usblib_device.a(DeviceStandardReq.o)
 .debug_loc     0x00003974      0x144 /home/parth/LPCXpresso/workspace/nxp_lpcxpresso_11u14_usblib_device/Debug/libnxp_lpcxpresso_11u14_usblib_device.a(Endpoint.o)
 .debug_loc     0x00003ab8      0xb62 /home/parth/LPCXpresso/workspace/nxp_lpcxpresso_11u14_usblib_device/Debug/libnxp_lpcxpresso_11u14_usblib_device.a(EndpointStream.o)
 .debug_loc     0x0000461a       0x47 /usr/local/lpcxpresso_7.5.0_254/lpcxpresso/tools/bin/../lib/gcc/arm-none-eabi/4.8.4/../../../../arm-none-eabi/lib/armv6-m/libcr_newlib_nohost.a(_cr_sbrk.o)
 .debug_loc     0x00004661       0x21 /usr/local/lpcxpresso_7.5.0_254/lpcxpresso/tools/bin/../lib/gcc/arm-none-eabi/4.8.4/../../../../arm-none-eabi/lib/armv6-m/libcr_newlib_nohost.a(close.o)
 .debug_loc     0x00004682       0x21 /usr/local/lpcxpresso_7.5.0_254/lpcxpresso/tools/bin/../lib/gcc/arm-none-eabi/4.8.4/../../../../arm-none-eabi/lib/armv6-m/libcr_newlib_nohost.a(fstat.o)
 .debug_loc     0x000046a3       0x21 /usr/local/lpcxpresso_7.5.0_254/lpcxpresso/tools/bin/../lib/gcc/arm-none-eabi/4.8.4/../../../../arm-none-eabi/lib/armv6-m/libcr_newlib_nohost.a(isatty.o)
 .debug_loc     0x000046c4       0x42 /usr/local/lpcxpresso_7.5.0_254/lpcxpresso/tools/bin/../lib/gcc/arm-none-eabi/4.8.4/../../../../arm-none-eabi/lib/armv6-m/libcr_newlib_nohost.a(lseek.o)
 .debug_loc     0x00004706       0x42 /usr/local/lpcxpresso_7.5.0_254/lpcxpresso/tools/bin/../lib/gcc/arm-none-eabi/4.8.4/../../../../arm-none-eabi/lib/armv6-m/libcr_newlib_nohost.a(read.o)
 .debug_loc     0x00004748       0x42 /usr/local/lpcxpresso_7.5.0_254/lpcxpresso/tools/bin/../lib/gcc/arm-none-eabi/4.8.4/../../../../arm-none-eabi/lib/armv6-m/libcr_newlib_nohost.a(write.o)
 .debug_loc     0x0000478a       0x3a /usr/local/lpcxpresso_7.5.0_254/lpcxpresso/tools/bin/../lib/gcc/arm-none-eabi/4.8.4/../../../../arm-none-eabi/lib/armv6-m/libcr_newlib_nohost.a(_cr_check_heap.o)

.debug_aranges  0x00000000      0x570
 .debug_aranges
                0x00000000       0x20 ./example/src/Descriptors.o
 .debug_aranges
                0x00000020       0x50 ./example/src/VirtualSerial.o
 .debug_aranges
                0x00000070       0x60 ./example/src/cr_startup_lpc11xx.o
 .debug_aranges
                0x000000d0       0x20 ./example/src/sysinit.o
 .debug_aranges
                0x000000f0       0xd0 /home/parth/LPCXpresso/workspace/nxp_lpcxpresso_11u14_board_lib/Debug/libnxp_lpcxpresso_11u14_board_lib.a(board.o)
 .debug_aranges
                0x000001c0       0x68 /home/parth/LPCXpresso/workspace/nxp_lpcxpresso_11u14_board_lib/Debug/libnxp_lpcxpresso_11u14_board_lib.a(board_sysinit.o)
 .debug_aranges
                0x00000228       0x30 /home/parth/LPCXpresso/workspace/nxp_lpcxpresso_11u14_usblib_device/Debug/libnxp_lpcxpresso_11u14_usblib_device.a(USBController.o)
 .debug_aranges
                0x00000258       0x20 /home/parth/LPCXpresso/workspace/nxp_lpcxpresso_11u14_usblib_device/Debug/libnxp_lpcxpresso_11u14_usblib_device.a(USBTask.o)
 .debug_aranges
                0x00000278       0xa0 /home/parth/LPCXpresso/workspace/nxp_lpcxpresso_11u14_usblib_device/Debug/libnxp_lpcxpresso_11u14_usblib_device.a(CDCClassDevice.o)
 .debug_aranges
                0x00000318       0x48 /home/parth/LPCXpresso/workspace/nxp_lpcxpresso_11u14_usblib_device/Debug/libnxp_lpcxpresso_11u14_usblib_device.a(HAL_LPC11Uxx.o)
 .debug_aranges
                0x00000360       0x50 /home/parth/LPCXpresso/workspace/nxp_lpcxpresso_11u14_usblib_device/Debug/libnxp_lpcxpresso_11u14_usblib_device.a(Endpoint_LPC11Uxx.o)
 .debug_aranges
                0x000003b0       0x20 /home/parth/LPCXpresso/workspace/nxp_lpcxpresso_11u14_usblib_device/Debug/libnxp_lpcxpresso_11u14_usblib_device.a(DeviceStandardReq.o)
 .debug_aranges
                0x000003d0       0x38 /home/parth/LPCXpresso/workspace/nxp_lpcxpresso_11u14_usblib_device/Debug/libnxp_lpcxpresso_11u14_usblib_device.a(Endpoint.o)
 .debug_aranges
                0x00000408       0x68 /home/parth/LPCXpresso/workspace/nxp_lpcxpresso_11u14_usblib_device/Debug/libnxp_lpcxpresso_11u14_usblib_device.a(EndpointStream.o)
 .debug_aranges
                0x00000470       0x20 /usr/local/lpcxpresso_7.5.0_254/lpcxpresso/tools/bin/../lib/gcc/arm-none-eabi/4.8.4/../../../../arm-none-eabi/lib/armv6-m/libcr_newlib_nohost.a(_cr_sbrk.o)
 .debug_aranges
                0x00000490       0x20 /usr/local/lpcxpresso_7.5.0_254/lpcxpresso/tools/bin/../lib/gcc/arm-none-eabi/4.8.4/../../../../arm-none-eabi/lib/armv6-m/libcr_newlib_nohost.a(close.o)
 .debug_aranges
                0x000004b0       0x20 /usr/local/lpcxpresso_7.5.0_254/lpcxpresso/tools/bin/../lib/gcc/arm-none-eabi/4.8.4/../../../../arm-none-eabi/lib/armv6-m/libcr_newlib_nohost.a(fstat.o)
 .debug_aranges
                0x000004d0       0x20 /usr/local/lpcxpresso_7.5.0_254/lpcxpresso/tools/bin/../lib/gcc/arm-none-eabi/4.8.4/../../../../arm-none-eabi/lib/armv6-m/libcr_newlib_nohost.a(isatty.o)
 .debug_aranges
                0x000004f0       0x20 /usr/local/lpcxpresso_7.5.0_254/lpcxpresso/tools/bin/../lib/gcc/arm-none-eabi/4.8.4/../../../../arm-none-eabi/lib/armv6-m/libcr_newlib_nohost.a(lseek.o)
 .debug_aranges
                0x00000510       0x20 /usr/local/lpcxpresso_7.5.0_254/lpcxpresso/tools/bin/../lib/gcc/arm-none-eabi/4.8.4/../../../../arm-none-eabi/lib/armv6-m/libcr_newlib_nohost.a(read.o)
 .debug_aranges
                0x00000530       0x20 /usr/local/lpcxpresso_7.5.0_254/lpcxpresso/tools/bin/../lib/gcc/arm-none-eabi/4.8.4/../../../../arm-none-eabi/lib/armv6-m/libcr_newlib_nohost.a(write.o)
 .debug_aranges
                0x00000550       0x20 /usr/local/lpcxpresso_7.5.0_254/lpcxpresso/tools/bin/../lib/gcc/arm-none-eabi/4.8.4/../../../../arm-none-eabi/lib/armv6-m/libcr_newlib_nohost.a(_cr_check_heap.o)

.debug_ranges   0x00000000     0x17d0
 .debug_ranges  0x00000000       0x10 ./example/src/Descriptors.o
 .debug_ranges  0x00000010       0x58 ./example/src/VirtualSerial.o
 .debug_ranges  0x00000068       0x50 ./example/src/cr_startup_lpc11xx.o
 .debug_ranges  0x000000b8       0x10 ./example/src/sysinit.o
 .debug_ranges  0x000000c8       0xc0 /home/parth/LPCXpresso/workspace/nxp_lpcxpresso_11u14_board_lib/Debug/libnxp_lpcxpresso_11u14_board_lib.a(board.o)
 .debug_ranges  0x00000188       0x58 /home/parth/LPCXpresso/workspace/nxp_lpcxpresso_11u14_board_lib/Debug/libnxp_lpcxpresso_11u14_board_lib.a(board_sysinit.o)
 .debug_ranges  0x000001e0       0x38 /home/parth/LPCXpresso/workspace/nxp_lpcxpresso_11u14_usblib_device/Debug/libnxp_lpcxpresso_11u14_usblib_device.a(USBController.o)
 .debug_ranges  0x00000218       0x78 /home/parth/LPCXpresso/workspace/nxp_lpcxpresso_11u14_usblib_device/Debug/libnxp_lpcxpresso_11u14_usblib_device.a(USBTask.o)
 .debug_ranges  0x00000290      0x898 /home/parth/LPCXpresso/workspace/nxp_lpcxpresso_11u14_usblib_device/Debug/libnxp_lpcxpresso_11u14_usblib_device.a(CDCClassDevice.o)
 .debug_ranges  0x00000b28       0x38 /home/parth/LPCXpresso/workspace/nxp_lpcxpresso_11u14_usblib_device/Debug/libnxp_lpcxpresso_11u14_usblib_device.a(HAL_LPC11Uxx.o)
 .debug_ranges  0x00000b60      0x618 /home/parth/LPCXpresso/workspace/nxp_lpcxpresso_11u14_usblib_device/Debug/libnxp_lpcxpresso_11u14_usblib_device.a(Endpoint_LPC11Uxx.o)
 .debug_ranges  0x00001178      0x2c0 /home/parth/LPCXpresso/workspace/nxp_lpcxpresso_11u14_usblib_device/Debug/libnxp_lpcxpresso_11u14_usblib_device.a(DeviceStandardReq.o)
 .debug_ranges  0x00001438       0x78 /home/parth/LPCXpresso/workspace/nxp_lpcxpresso_11u14_usblib_device/Debug/libnxp_lpcxpresso_11u14_usblib_device.a(Endpoint.o)
 .debug_ranges  0x000014b0      0x2a0 /home/parth/LPCXpresso/workspace/nxp_lpcxpresso_11u14_usblib_device/Debug/libnxp_lpcxpresso_11u14_usblib_device.a(EndpointStream.o)
 .debug_ranges  0x00001750       0x10 /usr/local/lpcxpresso_7.5.0_254/lpcxpresso/tools/bin/../lib/gcc/arm-none-eabi/4.8.4/../../../../arm-none-eabi/lib/armv6-m/libcr_newlib_nohost.a(_cr_sbrk.o)
 .debug_ranges  0x00001760       0x10 /usr/local/lpcxpresso_7.5.0_254/lpcxpresso/tools/bin/../lib/gcc/arm-none-eabi/4.8.4/../../../../arm-none-eabi/lib/armv6-m/libcr_newlib_nohost.a(close.o)
 .debug_ranges  0x00001770       0x10 /usr/local/lpcxpresso_7.5.0_254/lpcxpresso/tools/bin/../lib/gcc/arm-none-eabi/4.8.4/../../../../arm-none-eabi/lib/armv6-m/libcr_newlib_nohost.a(fstat.o)
 .debug_ranges  0x00001780       0x10 /usr/local/lpcxpresso_7.5.0_254/lpcxpresso/tools/bin/../lib/gcc/arm-none-eabi/4.8.4/../../../../arm-none-eabi/lib/armv6-m/libcr_newlib_nohost.a(isatty.o)
 .debug_ranges  0x00001790       0x10 /usr/local/lpcxpresso_7.5.0_254/lpcxpresso/tools/bin/../lib/gcc/arm-none-eabi/4.8.4/../../../../arm-none-eabi/lib/armv6-m/libcr_newlib_nohost.a(lseek.o)
 .debug_ranges  0x000017a0       0x10 /usr/local/lpcxpresso_7.5.0_254/lpcxpresso/tools/bin/../lib/gcc/arm-none-eabi/4.8.4/../../../../arm-none-eabi/lib/armv6-m/libcr_newlib_nohost.a(read.o)
 .debug_ranges  0x000017b0       0x10 /usr/local/lpcxpresso_7.5.0_254/lpcxpresso/tools/bin/../lib/gcc/arm-none-eabi/4.8.4/../../../../arm-none-eabi/lib/armv6-m/libcr_newlib_nohost.a(write.o)
 .debug_ranges  0x000017c0       0x10 /usr/local/lpcxpresso_7.5.0_254/lpcxpresso/tools/bin/../lib/gcc/arm-none-eabi/4.8.4/../../../../arm-none-eabi/lib/armv6-m/libcr_newlib_nohost.a(_cr_check_heap.o)

.debug_macro    0x00000000     0x4ab0
 .debug_macro   0x00000000      0x517 ./example/src/Descriptors.o
 .debug_macro   0x00000517      0x166 ./example/src/Descriptors.o
 .debug_macro   0x0000067d       0x2b ./example/src/Descriptors.o
 .debug_macro   0x000006a8       0x57 ./example/src/Descriptors.o
 .debug_macro   0x000006ff       0x1c ./example/src/Descriptors.o
 .debug_macro   0x0000071b       0x22 ./example/src/Descriptors.o
 .debug_macro   0x0000073d      0x525 ./example/src/VirtualSerial.o
 .debug_macro   0x00000c62       0x26 ./example/src/cr_startup_lpc11xx.o
 .debug_macro   0x00000c88      0x24e ./example/src/sysinit.o
 .debug_macro   0x00000ed6      0x2a3 /home/parth/LPCXpresso/workspace/nxp_lpcxpresso_11u14_board_lib/Debug/libnxp_lpcxpresso_11u14_board_lib.a(board.o)
 .debug_macro   0x00001179      0x81a /home/parth/LPCXpresso/workspace/nxp_lpcxpresso_11u14_board_lib/Debug/libnxp_lpcxpresso_11u14_board_lib.a(board.o)
 .debug_macro   0x00001993       0x7b /home/parth/LPCXpresso/workspace/nxp_lpcxpresso_11u14_board_lib/Debug/libnxp_lpcxpresso_11u14_board_lib.a(board.o)
 .debug_macro   0x00001a0e       0xa2 /home/parth/LPCXpresso/workspace/nxp_lpcxpresso_11u14_board_lib/Debug/libnxp_lpcxpresso_11u14_board_lib.a(board.o)
 .debug_macro   0x00001ab0       0x12 /home/parth/LPCXpresso/workspace/nxp_lpcxpresso_11u14_board_lib/Debug/libnxp_lpcxpresso_11u14_board_lib.a(board.o)
 .debug_macro   0x00001ac2      0x283 /home/parth/LPCXpresso/workspace/nxp_lpcxpresso_11u14_board_lib/Debug/libnxp_lpcxpresso_11u14_board_lib.a(board_sysinit.o)
 .debug_macro   0x00001d45      0x2a6 /home/parth/LPCXpresso/workspace/nxp_lpcxpresso_11u14_board_lib/Debug/libnxp_lpcxpresso_11u14_board_lib.a(board_sysinit.o)
 .debug_macro   0x00001feb      0x3c2 /home/parth/LPCXpresso/workspace/nxp_lpcxpresso_11u14_usblib_device/Debug/libnxp_lpcxpresso_11u14_usblib_device.a(USBController.o)
 .debug_macro   0x000023ad      0x838 /home/parth/LPCXpresso/workspace/nxp_lpcxpresso_11u14_usblib_device/Debug/libnxp_lpcxpresso_11u14_usblib_device.a(USBController.o)
 .debug_macro   0x00002be5       0x34 /home/parth/LPCXpresso/workspace/nxp_lpcxpresso_11u14_usblib_device/Debug/libnxp_lpcxpresso_11u14_usblib_device.a(USBController.o)
 .debug_macro   0x00002c19       0x82 /home/parth/LPCXpresso/workspace/nxp_lpcxpresso_11u14_usblib_device/Debug/libnxp_lpcxpresso_11u14_usblib_device.a(USBController.o)
 .debug_macro   0x00002c9b       0x6c /home/parth/LPCXpresso/workspace/nxp_lpcxpresso_11u14_usblib_device/Debug/libnxp_lpcxpresso_11u14_usblib_device.a(USBController.o)
 .debug_macro   0x00002d07      0x3bc /home/parth/LPCXpresso/workspace/nxp_lpcxpresso_11u14_usblib_device/Debug/libnxp_lpcxpresso_11u14_usblib_device.a(USBTask.o)
 .debug_macro   0x000030c3      0x52b /home/parth/LPCXpresso/workspace/nxp_lpcxpresso_11u14_usblib_device/Debug/libnxp_lpcxpresso_11u14_usblib_device.a(CDCClassDevice.o)
 .debug_macro   0x000035ee      0x3c0 /home/parth/LPCXpresso/workspace/nxp_lpcxpresso_11u14_usblib_device/Debug/libnxp_lpcxpresso_11u14_usblib_device.a(HAL_LPC11Uxx.o)
 .debug_macro   0x000039ae      0x3ca /home/parth/LPCXpresso/workspace/nxp_lpcxpresso_11u14_usblib_device/Debug/libnxp_lpcxpresso_11u14_usblib_device.a(Endpoint_LPC11Uxx.o)
 .debug_macro   0x00003d78       0x10 /home/parth/LPCXpresso/workspace/nxp_lpcxpresso_11u14_usblib_device/Debug/libnxp_lpcxpresso_11u14_usblib_device.a(Endpoint_LPC11Uxx.o)
 .debug_macro   0x00003d88      0x3c2 /home/parth/LPCXpresso/workspace/nxp_lpcxpresso_11u14_usblib_device/Debug/libnxp_lpcxpresso_11u14_usblib_device.a(DeviceStandardReq.o)
 .debug_macro   0x0000414a       0x87 /home/parth/LPCXpresso/workspace/nxp_lpcxpresso_11u14_usblib_device/Debug/libnxp_lpcxpresso_11u14_usblib_device.a(DeviceStandardReq.o)
 .debug_macro   0x000041d1      0x3c0 /home/parth/LPCXpresso/workspace/nxp_lpcxpresso_11u14_usblib_device/Debug/libnxp_lpcxpresso_11u14_usblib_device.a(Endpoint.o)
 .debug_macro   0x00004591      0x51f /home/parth/LPCXpresso/workspace/nxp_lpcxpresso_11u14_usblib_device/Debug/libnxp_lpcxpresso_11u14_usblib_device.a(EndpointStream.o)

.debug_line     0x00000000     0x9cbd
 .debug_line    0x00000000     0x1130 ./example/src/Descriptors.o
 .debug_line    0x00001130     0x11ca ./example/src/VirtualSerial.o
 .debug_line    0x000022fa       0xe9 ./example/src/cr_startup_lpc11xx.o
 .debug_line    0x000023e3      0x48a ./example/src/sysinit.o
 .debug_line    0x0000286d      0x66d /home/parth/LPCXpresso/workspace/nxp_lpcxpresso_11u14_board_lib/Debug/libnxp_lpcxpresso_11u14_board_lib.a(board.o)
 .debug_line    0x00002eda      0x602 /home/parth/LPCXpresso/workspace/nxp_lpcxpresso_11u14_board_lib/Debug/libnxp_lpcxpresso_11u14_board_lib.a(board_sysinit.o)
 .debug_line    0x000034dc      0x90d /home/parth/LPCXpresso/workspace/nxp_lpcxpresso_11u14_usblib_device/Debug/libnxp_lpcxpresso_11u14_usblib_device.a(USBController.o)
 .debug_line    0x00003de9      0x8dc /home/parth/LPCXpresso/workspace/nxp_lpcxpresso_11u14_usblib_device/Debug/libnxp_lpcxpresso_11u14_usblib_device.a(USBTask.o)
 .debug_line    0x000046c5     0x1598 /home/parth/LPCXpresso/workspace/nxp_lpcxpresso_11u14_usblib_device/Debug/libnxp_lpcxpresso_11u14_usblib_device.a(CDCClassDevice.o)
 .debug_line    0x00005c5d      0xa51 /home/parth/LPCXpresso/workspace/nxp_lpcxpresso_11u14_usblib_device/Debug/libnxp_lpcxpresso_11u14_usblib_device.a(HAL_LPC11Uxx.o)
 .debug_line    0x000066ae      0xf05 /home/parth/LPCXpresso/workspace/nxp_lpcxpresso_11u14_usblib_device/Debug/libnxp_lpcxpresso_11u14_usblib_device.a(Endpoint_LPC11Uxx.o)
 .debug_line    0x000075b3      0xa65 /home/parth/LPCXpresso/workspace/nxp_lpcxpresso_11u14_usblib_device/Debug/libnxp_lpcxpresso_11u14_usblib_device.a(DeviceStandardReq.o)
 .debug_line    0x00008018      0x91f /home/parth/LPCXpresso/workspace/nxp_lpcxpresso_11u14_usblib_device/Debug/libnxp_lpcxpresso_11u14_usblib_device.a(Endpoint.o)
 .debug_line    0x00008937     0x1041 /home/parth/LPCXpresso/workspace/nxp_lpcxpresso_11u14_usblib_device/Debug/libnxp_lpcxpresso_11u14_usblib_device.a(EndpointStream.o)
 .debug_line    0x00009978       0xff /usr/local/lpcxpresso_7.5.0_254/lpcxpresso/tools/bin/../lib/gcc/arm-none-eabi/4.8.4/../../../../arm-none-eabi/lib/armv6-m/libcr_newlib_nohost.a(_cr_sbrk.o)
 .debug_line    0x00009a77       0x43 /usr/local/lpcxpresso_7.5.0_254/lpcxpresso/tools/bin/../lib/gcc/arm-none-eabi/4.8.4/../../../../arm-none-eabi/lib/armv6-m/libcr_newlib_nohost.a(close.o)
 .debug_line    0x00009aba       0xab /usr/local/lpcxpresso_7.5.0_254/lpcxpresso/tools/bin/../lib/gcc/arm-none-eabi/4.8.4/../../../../arm-none-eabi/lib/armv6-m/libcr_newlib_nohost.a(fstat.o)
 .debug_line    0x00009b65       0x43 /usr/local/lpcxpresso_7.5.0_254/lpcxpresso/tools/bin/../lib/gcc/arm-none-eabi/4.8.4/../../../../arm-none-eabi/lib/armv6-m/libcr_newlib_nohost.a(isatty.o)
 .debug_line    0x00009ba8       0x43 /usr/local/lpcxpresso_7.5.0_254/lpcxpresso/tools/bin/../lib/gcc/arm-none-eabi/4.8.4/../../../../arm-none-eabi/lib/armv6-m/libcr_newlib_nohost.a(lseek.o)
 .debug_line    0x00009beb       0x42 /usr/local/lpcxpresso_7.5.0_254/lpcxpresso/tools/bin/../lib/gcc/arm-none-eabi/4.8.4/../../../../arm-none-eabi/lib/armv6-m/libcr_newlib_nohost.a(read.o)
 .debug_line    0x00009c2d       0x43 /usr/local/lpcxpresso_7.5.0_254/lpcxpresso/tools/bin/../lib/gcc/arm-none-eabi/4.8.4/../../../../arm-none-eabi/lib/armv6-m/libcr_newlib_nohost.a(write.o)
 .debug_line    0x00009c70       0x4d /usr/local/lpcxpresso_7.5.0_254/lpcxpresso/tools/bin/../lib/gcc/arm-none-eabi/4.8.4/../../../../arm-none-eabi/lib/armv6-m/libcr_newlib_nohost.a(_cr_check_heap.o)

.debug_str      0x00000000    0x14e5a
 .debug_str     0x00000000    0x1191f ./example/src/Descriptors.o
                              0x11bdb (size before relaxing)
 .debug_str     0x0001191f      0xb5f ./example/src/VirtualSerial.o
                              0x11e0d (size before relaxing)
 .debug_str     0x0001247e      0x154 ./example/src/cr_startup_lpc11xx.o
                               0x251f (size before relaxing)
 .debug_str     0x000125d2       0x2a ./example/src/sysinit.o
                               0x91df (size before relaxing)
 .debug_str     0x000125fc      0x57c /home/parth/LPCXpresso/workspace/nxp_lpcxpresso_11u14_board_lib/Debug/libnxp_lpcxpresso_11u14_board_lib.a(board.o)
                               0x9594 (size before relaxing)
 .debug_str     0x00012b78      0x7d0 /home/parth/LPCXpresso/workspace/nxp_lpcxpresso_11u14_board_lib/Debug/libnxp_lpcxpresso_11u14_board_lib.a(board_sysinit.o)
                               0xa8e2 (size before relaxing)
 .debug_str     0x00013348      0x748 /home/parth/LPCXpresso/workspace/nxp_lpcxpresso_11u14_usblib_device/Debug/libnxp_lpcxpresso_11u14_usblib_device.a(USBController.o)
                               0xc1bd (size before relaxing)
 .debug_str     0x00013a90      0x181 /home/parth/LPCXpresso/workspace/nxp_lpcxpresso_11u14_usblib_device/Debug/libnxp_lpcxpresso_11u14_usblib_device.a(USBTask.o)
                               0xc1d4 (size before relaxing)
 .debug_str     0x00013c11      0x675 /home/parth/LPCXpresso/workspace/nxp_lpcxpresso_11u14_usblib_device/Debug/libnxp_lpcxpresso_11u14_usblib_device.a(CDCClassDevice.o)
                              0x124dd (size before relaxing)
 .debug_str     0x00014286      0x14c /home/parth/LPCXpresso/workspace/nxp_lpcxpresso_11u14_usblib_device/Debug/libnxp_lpcxpresso_11u14_usblib_device.a(HAL_LPC11Uxx.o)
                               0xc747 (size before relaxing)
 .debug_str     0x000143d2      0x165 /home/parth/LPCXpresso/workspace/nxp_lpcxpresso_11u14_usblib_device/Debug/libnxp_lpcxpresso_11u14_usblib_device.a(Endpoint_LPC11Uxx.o)
                               0xc33f (size before relaxing)
 .debug_str     0x00014537      0x3b0 /home/parth/LPCXpresso/workspace/nxp_lpcxpresso_11u14_usblib_device/Debug/libnxp_lpcxpresso_11u14_usblib_device.a(DeviceStandardReq.o)
                               0xc684 (size before relaxing)
 .debug_str     0x000148e7       0xb5 /home/parth/LPCXpresso/workspace/nxp_lpcxpresso_11u14_usblib_device/Debug/libnxp_lpcxpresso_11u14_usblib_device.a(Endpoint.o)
                               0xc1ca (size before relaxing)
 .debug_str     0x0001499c      0x1e1 /home/parth/LPCXpresso/workspace/nxp_lpcxpresso_11u14_usblib_device/Debug/libnxp_lpcxpresso_11u14_usblib_device.a(EndpointStream.o)
                              0x11a85 (size before relaxing)
 .debug_str     0x00014b7d      0x178 /usr/local/lpcxpresso_7.5.0_254/lpcxpresso/tools/bin/../lib/gcc/arm-none-eabi/4.8.4/../../../../arm-none-eabi/lib/armv6-m/libcr_newlib_nohost.a(_cr_sbrk.o)
                                0x211 (size before relaxing)
 .debug_str     0x00014cf5       0x16 /usr/local/lpcxpresso_7.5.0_254/lpcxpresso/tools/bin/../lib/gcc/arm-none-eabi/4.8.4/../../../../arm-none-eabi/lib/armv6-m/libcr_newlib_nohost.a(close.o)
                                0x1b7 (size before relaxing)
 .debug_str     0x00014d0b       0xdf /usr/local/lpcxpresso_7.5.0_254/lpcxpresso/tools/bin/../lib/gcc/arm-none-eabi/4.8.4/../../../../arm-none-eabi/lib/armv6-m/libcr_newlib_nohost.a(fstat.o)
                                0x2a4 (size before relaxing)
 .debug_str     0x00014dea       0x18 /usr/local/lpcxpresso_7.5.0_254/lpcxpresso/tools/bin/../lib/gcc/arm-none-eabi/4.8.4/../../../../arm-none-eabi/lib/armv6-m/libcr_newlib_nohost.a(isatty.o)
                                0x1b7 (size before relaxing)
 .debug_str     0x00014e02       0x16 /usr/local/lpcxpresso_7.5.0_254/lpcxpresso/tools/bin/../lib/gcc/arm-none-eabi/4.8.4/../../../../arm-none-eabi/lib/armv6-m/libcr_newlib_nohost.a(lseek.o)
                                0x1b5 (size before relaxing)
 .debug_str     0x00014e18        0xe /usr/local/lpcxpresso_7.5.0_254/lpcxpresso/tools/bin/../lib/gcc/arm-none-eabi/4.8.4/../../../../arm-none-eabi/lib/armv6-m/libcr_newlib_nohost.a(read.o)
                                0x1b3 (size before relaxing)
 .debug_str     0x00014e26        0xf /usr/local/lpcxpresso_7.5.0_254/lpcxpresso/tools/bin/../lib/gcc/arm-none-eabi/4.8.4/../../../../arm-none-eabi/lib/armv6-m/libcr_newlib_nohost.a(write.o)
                                0x1b5 (size before relaxing)
 .debug_str     0x00014e35       0x25 /usr/local/lpcxpresso_7.5.0_254/lpcxpresso/tools/bin/../lib/gcc/arm-none-eabi/4.8.4/../../../../arm-none-eabi/lib/armv6-m/libcr_newlib_nohost.a(_cr_check_heap.o)
                                0x15f (size before relaxing)

.comment        0x00000000       0xe0
 .comment       0x00000000       0x70 ./example/src/Descriptors.o
                                 0x71 (size before relaxing)
 .comment       0x00000000       0x71 ./example/src/VirtualSerial.o
 .comment       0x00000000       0x71 ./example/src/cr_startup_lpc11xx.o
 .comment       0x00000000       0x71 ./example/src/sysinit.o
 .comment       0x00000000       0x71 /tmp/cc48genI.ltrans0.ltrans.o
 .comment       0x00000000       0x71 /home/parth/LPCXpresso/workspace/nxp_lpcxpresso_11u14_board_lib/Debug/libnxp_lpcxpresso_11u14_board_lib.a(board.o)
 .comment       0x00000000       0x71 /home/parth/LPCXpresso/workspace/nxp_lpcxpresso_11u14_board_lib/Debug/libnxp_lpcxpresso_11u14_board_lib.a(board_sysinit.o)
 .comment       0x00000000       0x71 /home/parth/LPCXpresso/workspace/nxp_lpcxpresso_11u14_usblib_device/Debug/libnxp_lpcxpresso_11u14_usblib_device.a(USBController.o)
 .comment       0x00000000       0x71 /home/parth/LPCXpresso/workspace/nxp_lpcxpresso_11u14_usblib_device/Debug/libnxp_lpcxpresso_11u14_usblib_device.a(USBTask.o)
 .comment       0x00000000       0x71 /home/parth/LPCXpresso/workspace/nxp_lpcxpresso_11u14_usblib_device/Debug/libnxp_lpcxpresso_11u14_usblib_device.a(CDCClassDevice.o)
 .comment       0x00000000       0x71 /home/parth/LPCXpresso/workspace/nxp_lpcxpresso_11u14_usblib_device/Debug/libnxp_lpcxpresso_11u14_usblib_device.a(HAL_LPC11Uxx.o)
 .comment       0x00000000       0x71 /home/parth/LPCXpresso/workspace/nxp_lpcxpresso_11u14_usblib_device/Debug/libnxp_lpcxpresso_11u14_usblib_device.a(Endpoint_LPC11Uxx.o)
 .comment       0x00000000       0x71 /home/parth/LPCXpresso/workspace/nxp_lpcxpresso_11u14_usblib_device/Debug/libnxp_lpcxpresso_11u14_usblib_device.a(DeviceStandardReq.o)
 .comment       0x00000000       0x71 /home/parth/LPCXpresso/workspace/nxp_lpcxpresso_11u14_usblib_device/Debug/libnxp_lpcxpresso_11u14_usblib_device.a(Endpoint.o)
 .comment       0x00000000       0x71 /home/parth/LPCXpresso/workspace/nxp_lpcxpresso_11u14_usblib_device/Debug/libnxp_lpcxpresso_11u14_usblib_device.a(EndpointStream.o)
 .comment       0x00000070       0x70 /usr/local/lpcxpresso_7.5.0_254/lpcxpresso/tools/bin/../lib/gcc/arm-none-eabi/4.8.4/../../../../arm-none-eabi/lib/armv6-m/libcr_newlib_nohost.a(_cr_sbrk.o)
                                 0x71 (size before relaxing)
 .comment       0x00000000       0x71 /usr/local/lpcxpresso_7.5.0_254/lpcxpresso/tools/bin/../lib/gcc/arm-none-eabi/4.8.4/../../../../arm-none-eabi/lib/armv6-m/libcr_newlib_nohost.a(close.o)
 .comment       0x00000000       0x71 /usr/local/lpcxpresso_7.5.0_254/lpcxpresso/tools/bin/../lib/gcc/arm-none-eabi/4.8.4/../../../../arm-none-eabi/lib/armv6-m/libcr_newlib_nohost.a(fstat.o)
 .comment       0x00000000       0x71 /usr/local/lpcxpresso_7.5.0_254/lpcxpresso/tools/bin/../lib/gcc/arm-none-eabi/4.8.4/../../../../arm-none-eabi/lib/armv6-m/libcr_newlib_nohost.a(isatty.o)
 .comment       0x00000000       0x71 /usr/local/lpcxpresso_7.5.0_254/lpcxpresso/tools/bin/../lib/gcc/arm-none-eabi/4.8.4/../../../../arm-none-eabi/lib/armv6-m/libcr_newlib_nohost.a(lseek.o)
 .comment       0x00000000       0x71 /usr/local/lpcxpresso_7.5.0_254/lpcxpresso/tools/bin/../lib/gcc/arm-none-eabi/4.8.4/../../../../arm-none-eabi/lib/armv6-m/libcr_newlib_nohost.a(read.o)
 .comment       0x00000000       0x71 /usr/local/lpcxpresso_7.5.0_254/lpcxpresso/tools/bin/../lib/gcc/arm-none-eabi/4.8.4/../../../../arm-none-eabi/lib/armv6-m/libcr_newlib_nohost.a(write.o)
 .comment       0x00000000       0x71 /usr/local/lpcxpresso_7.5.0_254/lpcxpresso/tools/bin/../lib/gcc/arm-none-eabi/4.8.4/../../../../arm-none-eabi/lib/armv6-m/libcr_newlib_nohost.a(_cr_check_heap.o)

.ARM.attributes
                0x00000000       0x31
 .ARM.attributes
                0x00000000       0x31 ./example/src/Descriptors.o
 .ARM.attributes
                0x00000031       0x31 ./example/src/VirtualSerial.o
 .ARM.attributes
                0x00000062       0x31 ./example/src/cr_startup_lpc11xx.o
 .ARM.attributes
                0x00000093       0x31 ./example/src/sysinit.o
 .ARM.attributes
                0x000000c4       0x2f /tmp/cc48genI.ltrans0.ltrans.o
 .ARM.attributes
                0x000000f3       0x31 /home/parth/LPCXpresso/workspace/nxp_lpcxpresso_11u14_board_lib/Debug/libnxp_lpcxpresso_11u14_board_lib.a(board.o)
 .ARM.attributes
                0x00000124       0x31 /home/parth/LPCXpresso/workspace/nxp_lpcxpresso_11u14_board_lib/Debug/libnxp_lpcxpresso_11u14_board_lib.a(board_sysinit.o)
 .ARM.attributes
                0x00000155       0x31 /home/parth/LPCXpresso/workspace/nxp_lpcxpresso_11u14_usblib_device/Debug/libnxp_lpcxpresso_11u14_usblib_device.a(USBController.o)
 .ARM.attributes
                0x00000186       0x31 /home/parth/LPCXpresso/workspace/nxp_lpcxpresso_11u14_usblib_device/Debug/libnxp_lpcxpresso_11u14_usblib_device.a(USBTask.o)
 .ARM.attributes
                0x000001b7       0x31 /home/parth/LPCXpresso/workspace/nxp_lpcxpresso_11u14_usblib_device/Debug/libnxp_lpcxpresso_11u14_usblib_device.a(CDCClassDevice.o)
 .ARM.attributes
                0x000001e8       0x31 /home/parth/LPCXpresso/workspace/nxp_lpcxpresso_11u14_usblib_device/Debug/libnxp_lpcxpresso_11u14_usblib_device.a(HAL_LPC11Uxx.o)
 .ARM.attributes
                0x00000219       0x31 /home/parth/LPCXpresso/workspace/nxp_lpcxpresso_11u14_usblib_device/Debug/libnxp_lpcxpresso_11u14_usblib_device.a(Endpoint_LPC11Uxx.o)
 .ARM.attributes
                0x0000024a       0x31 /home/parth/LPCXpresso/workspace/nxp_lpcxpresso_11u14_usblib_device/Debug/libnxp_lpcxpresso_11u14_usblib_device.a(DeviceStandardReq.o)
 .ARM.attributes
                0x0000027b       0x31 /home/parth/LPCXpresso/workspace/nxp_lpcxpresso_11u14_usblib_device/Debug/libnxp_lpcxpresso_11u14_usblib_device.a(Endpoint.o)
 .ARM.attributes
                0x000002ac       0x31 /home/parth/LPCXpresso/workspace/nxp_lpcxpresso_11u14_usblib_device/Debug/libnxp_lpcxpresso_11u14_usblib_device.a(EndpointStream.o)
 .ARM.attributes
                0x000002dd       0x1e /usr/local/lpcxpresso_7.5.0_254/lpcxpresso/tools/bin/../lib/gcc/arm-none-eabi/4.8.4/armv6-m/libgcc.a(_udivsi3.o)
 .ARM.attributes
                0x000002fb       0x1e /usr/local/lpcxpresso_7.5.0_254/lpcxpresso/tools/bin/../lib/gcc/arm-none-eabi/4.8.4/armv6-m/libgcc.a(_dvmd_tls.o)
 .ARM.attributes
                0x00000319       0x2c /usr/local/lpcxpresso_7.5.0_254/lpcxpresso/tools/bin/../lib/gcc/arm-none-eabi/4.8.4/../../../../arm-none-eabi/lib/armv6-m/libc_s.a(lib_a-fgetc.o)
 .ARM.attributes
                0x00000345       0x2c /usr/local/lpcxpresso_7.5.0_254/lpcxpresso/tools/bin/../lib/gcc/arm-none-eabi/4.8.4/../../../../arm-none-eabi/lib/armv6-m/libc_s.a(lib_a-findfp.o)
 .ARM.attributes
                0x00000371       0x2c /usr/local/lpcxpresso_7.5.0_254/lpcxpresso/tools/bin/../lib/gcc/arm-none-eabi/4.8.4/../../../../arm-none-eabi/lib/armv6-m/libc_s.a(lib_a-fopencookie.o)
 .ARM.attributes
                0x0000039d       0x2c /usr/local/lpcxpresso_7.5.0_254/lpcxpresso/tools/bin/../lib/gcc/arm-none-eabi/4.8.4/../../../../arm-none-eabi/lib/armv6-m/libc_s.a(lib_a-fprintf.o)
 .ARM.attributes
                0x000003c9       0x2c /usr/local/lpcxpresso_7.5.0_254/lpcxpresso/tools/bin/../lib/gcc/arm-none-eabi/4.8.4/../../../../arm-none-eabi/lib/armv6-m/libc_s.a(lib_a-fputc.o)
 .ARM.attributes
                0x000003f5       0x2c /usr/local/lpcxpresso_7.5.0_254/lpcxpresso/tools/bin/../lib/gcc/arm-none-eabi/4.8.4/../../../../arm-none-eabi/lib/armv6-m/libc_s.a(lib_a-fwalk.o)
 .ARM.attributes
                0x00000421       0x2c /usr/local/lpcxpresso_7.5.0_254/lpcxpresso/tools/bin/../lib/gcc/arm-none-eabi/4.8.4/../../../../arm-none-eabi/lib/armv6-m/libc_s.a(lib_a-impure.o)
 .ARM.attributes
                0x0000044d       0x2c /usr/local/lpcxpresso_7.5.0_254/lpcxpresso/tools/bin/../lib/gcc/arm-none-eabi/4.8.4/../../../../arm-none-eabi/lib/armv6-m/libc_s.a(lib_a-memcpy-stub.o)
 .ARM.attributes
                0x00000479       0x2c /usr/local/lpcxpresso_7.5.0_254/lpcxpresso/tools/bin/../lib/gcc/arm-none-eabi/4.8.4/../../../../arm-none-eabi/lib/armv6-m/libc_s.a(lib_a-memset.o)
 .ARM.attributes
                0x000004a5       0x2c /usr/local/lpcxpresso_7.5.0_254/lpcxpresso/tools/bin/../lib/gcc/arm-none-eabi/4.8.4/../../../../arm-none-eabi/lib/armv6-m/libc_s.a(lib_a-nano-freer.o)
 .ARM.attributes
                0x000004d1       0x2c /usr/local/lpcxpresso_7.5.0_254/lpcxpresso/tools/bin/../lib/gcc/arm-none-eabi/4.8.4/../../../../arm-none-eabi/lib/armv6-m/libc_s.a(lib_a-nano-mallocr.o)
 .ARM.attributes
                0x000004fd       0x2c /usr/local/lpcxpresso_7.5.0_254/lpcxpresso/tools/bin/../lib/gcc/arm-none-eabi/4.8.4/../../../../arm-none-eabi/lib/armv6-m/libc_s.a(lib_a-putc.o)
 .ARM.attributes
                0x00000529       0x2c /usr/local/lpcxpresso_7.5.0_254/lpcxpresso/tools/bin/../lib/gcc/arm-none-eabi/4.8.4/../../../../arm-none-eabi/lib/armv6-m/libc_s.a(lib_a-rget.o)
 .ARM.attributes
                0x00000555       0x2c /usr/local/lpcxpresso_7.5.0_254/lpcxpresso/tools/bin/../lib/gcc/arm-none-eabi/4.8.4/../../../../arm-none-eabi/lib/armv6-m/libc_s.a(lib_a-sbrkr.o)
 .ARM.attributes
                0x00000581       0x2c /usr/local/lpcxpresso_7.5.0_254/lpcxpresso/tools/bin/../lib/gcc/arm-none-eabi/4.8.4/../../../../arm-none-eabi/lib/armv6-m/libc_s.a(lib_a-setbuf.o)
 .ARM.attributes
                0x000005ad       0x2c /usr/local/lpcxpresso_7.5.0_254/lpcxpresso/tools/bin/../lib/gcc/arm-none-eabi/4.8.4/../../../../arm-none-eabi/lib/armv6-m/libc_s.a(lib_a-setvbuf.o)
 .ARM.attributes
                0x000005d9       0x2c /usr/local/lpcxpresso_7.5.0_254/lpcxpresso/tools/bin/../lib/gcc/arm-none-eabi/4.8.4/../../../../arm-none-eabi/lib/armv6-m/libc_s.a(lib_a-stdio.o)
 .ARM.attributes
                0x00000605       0x2c /usr/local/lpcxpresso_7.5.0_254/lpcxpresso/tools/bin/../lib/gcc/arm-none-eabi/4.8.4/../../../../arm-none-eabi/lib/armv6-m/libc_s.a(lib_a-strlen.o)
 .ARM.attributes
                0x00000631       0x2c /usr/local/lpcxpresso_7.5.0_254/lpcxpresso/tools/bin/../lib/gcc/arm-none-eabi/4.8.4/../../../../arm-none-eabi/lib/armv6-m/libc_s.a(lib_a-vfprintf.o)
 .ARM.attributes
                0x0000065d       0x2c /usr/local/lpcxpresso_7.5.0_254/lpcxpresso/tools/bin/../lib/gcc/arm-none-eabi/4.8.4/../../../../arm-none-eabi/lib/armv6-m/libc_s.a(lib_a-vfprintf_i.o)
 .ARM.attributes
                0x00000689       0x2c /usr/local/lpcxpresso_7.5.0_254/lpcxpresso/tools/bin/../lib/gcc/arm-none-eabi/4.8.4/../../../../arm-none-eabi/lib/armv6-m/libc_s.a(lib_a-wbuf.o)
 .ARM.attributes
                0x000006b5       0x2c /usr/local/lpcxpresso_7.5.0_254/lpcxpresso/tools/bin/../lib/gcc/arm-none-eabi/4.8.4/../../../../arm-none-eabi/lib/armv6-m/libc_s.a(lib_a-writer.o)
 .ARM.attributes
                0x000006e1       0x2c /usr/local/lpcxpresso_7.5.0_254/lpcxpresso/tools/bin/../lib/gcc/arm-none-eabi/4.8.4/../../../../arm-none-eabi/lib/armv6-m/libc_s.a(lib_a-wsetup.o)
 .ARM.attributes
                0x0000070d       0x2c /usr/local/lpcxpresso_7.5.0_254/lpcxpresso/tools/bin/../lib/gcc/arm-none-eabi/4.8.4/../../../../arm-none-eabi/lib/armv6-m/libc_s.a(lib_a-closer.o)
 .ARM.attributes
                0x00000739       0x2c /usr/local/lpcxpresso_7.5.0_254/lpcxpresso/tools/bin/../lib/gcc/arm-none-eabi/4.8.4/../../../../arm-none-eabi/lib/armv6-m/libc_s.a(lib_a-errno.o)
 .ARM.attributes
                0x00000765       0x2c /usr/local/lpcxpresso_7.5.0_254/lpcxpresso/tools/bin/../lib/gcc/arm-none-eabi/4.8.4/../../../../arm-none-eabi/lib/armv6-m/libc_s.a(lib_a-fflush.o)
 .ARM.attributes
                0x00000791       0x2c /usr/local/lpcxpresso_7.5.0_254/lpcxpresso/tools/bin/../lib/gcc/arm-none-eabi/4.8.4/../../../../arm-none-eabi/lib/armv6-m/libc_s.a(lib_a-flags.o)
 .ARM.attributes
                0x000007bd       0x2c /usr/local/lpcxpresso_7.5.0_254/lpcxpresso/tools/bin/../lib/gcc/arm-none-eabi/4.8.4/../../../../arm-none-eabi/lib/armv6-m/libc_s.a(lib_a-lseekr.o)
 .ARM.attributes
                0x000007e9       0x2c /usr/local/lpcxpresso_7.5.0_254/lpcxpresso/tools/bin/../lib/gcc/arm-none-eabi/4.8.4/../../../../arm-none-eabi/lib/armv6-m/libc_s.a(lib_a-makebuf.o)
 .ARM.attributes
                0x00000815       0x2c /usr/local/lpcxpresso_7.5.0_254/lpcxpresso/tools/bin/../lib/gcc/arm-none-eabi/4.8.4/../../../../arm-none-eabi/lib/armv6-m/libc_s.a(lib_a-malloc.o)
 .ARM.attributes
                0x00000841       0x2c /usr/local/lpcxpresso_7.5.0_254/lpcxpresso/tools/bin/../lib/gcc/arm-none-eabi/4.8.4/../../../../arm-none-eabi/lib/armv6-m/libc_s.a(lib_a-memchr-stub.o)
 .ARM.attributes
                0x0000086d       0x2c /usr/local/lpcxpresso_7.5.0_254/lpcxpresso/tools/bin/../lib/gcc/arm-none-eabi/4.8.4/../../../../arm-none-eabi/lib/armv6-m/libc_s.a(lib_a-readr.o)
 .ARM.attributes
                0x00000899       0x2c /usr/local/lpcxpresso_7.5.0_254/lpcxpresso/tools/bin/../lib/gcc/arm-none-eabi/4.8.4/../../../../arm-none-eabi/lib/armv6-m/libc_s.a(lib_a-reent.o)
 .ARM.attributes
                0x000008c5       0x2c /usr/local/lpcxpresso_7.5.0_254/lpcxpresso/tools/bin/../lib/gcc/arm-none-eabi/4.8.4/../../../../arm-none-eabi/lib/armv6-m/libc_s.a(lib_a-refill.o)
 .ARM.attributes
                0x000008f1       0x2c /usr/local/lpcxpresso_7.5.0_254/lpcxpresso/tools/bin/../lib/gcc/arm-none-eabi/4.8.4/../../../../arm-none-eabi/lib/armv6-m/libc_s.a(lib_a-fstatr.o)
 .ARM.attributes
                0x0000091d       0x2c /usr/local/lpcxpresso_7.5.0_254/lpcxpresso/tools/bin/../lib/gcc/arm-none-eabi/4.8.4/../../../../arm-none-eabi/lib/armv6-m/libc_s.a(lib_a-isattyr.o)
 .ARM.attributes
                0x00000949       0x31 /usr/local/lpcxpresso_7.5.0_254/lpcxpresso/tools/bin/../lib/gcc/arm-none-eabi/4.8.4/../../../../arm-none-eabi/lib/armv6-m/libcr_newlib_nohost.a(_cr_sbrk.o)
 .ARM.attributes
                0x0000097a       0x31 /usr/local/lpcxpresso_7.5.0_254/lpcxpresso/tools/bin/../lib/gcc/arm-none-eabi/4.8.4/../../../../arm-none-eabi/lib/armv6-m/libcr_newlib_nohost.a(close.o)
 .ARM.attributes
                0x000009ab       0x31 /usr/local/lpcxpresso_7.5.0_254/lpcxpresso/tools/bin/../lib/gcc/arm-none-eabi/4.8.4/../../../../arm-none-eabi/lib/armv6-m/libcr_newlib_nohost.a(fstat.o)
 .ARM.attributes
                0x000009dc       0x31 /usr/local/lpcxpresso_7.5.0_254/lpcxpresso/tools/bin/../lib/gcc/arm-none-eabi/4.8.4/../../../../arm-none-eabi/lib/armv6-m/libcr_newlib_nohost.a(isatty.o)
 .ARM.attributes
                0x00000a0d       0x31 /usr/local/lpcxpresso_7.5.0_254/lpcxpresso/tools/bin/../lib/gcc/arm-none-eabi/4.8.4/../../../../arm-none-eabi/lib/armv6-m/libcr_newlib_nohost.a(lseek.o)
 .ARM.attributes
                0x00000a3e       0x31 /usr/local/lpcxpresso_7.5.0_254/lpcxpresso/tools/bin/../lib/gcc/arm-none-eabi/4.8.4/../../../../arm-none-eabi/lib/armv6-m/libcr_newlib_nohost.a(read.o)
 .ARM.attributes
                0x00000a6f       0x31 /usr/local/lpcxpresso_7.5.0_254/lpcxpresso/tools/bin/../lib/gcc/arm-none-eabi/4.8.4/../../../../arm-none-eabi/lib/armv6-m/libcr_newlib_nohost.a(write.o)
 .ARM.attributes
                0x00000aa0       0x31 /usr/local/lpcxpresso_7.5.0_254/lpcxpresso/tools/bin/../lib/gcc/arm-none-eabi/4.8.4/../../../../arm-none-eabi/lib/armv6-m/libcr_newlib_nohost.a(_cr_check_heap.o)

.debug_frame    0x00000000     0x16cc
 .debug_frame   0x00000000       0x20 ./example/src/Descriptors.o
 .debug_frame   0x00000020       0x9c ./example/src/VirtualSerial.o
 .debug_frame   0x000000bc       0xb0 ./example/src/cr_startup_lpc11xx.o
 .debug_frame   0x0000016c       0x28 ./example/src/sysinit.o
 .debug_frame   0x00000194      0x2d8 /home/parth/LPCXpresso/workspace/nxp_lpcxpresso_11u14_board_lib/Debug/libnxp_lpcxpresso_11u14_board_lib.a(board.o)
 .debug_frame   0x0000046c      0x144 /home/parth/LPCXpresso/workspace/nxp_lpcxpresso_11u14_board_lib/Debug/libnxp_lpcxpresso_11u14_board_lib.a(board_sysinit.o)
 .debug_frame   0x000005b0       0x60 /home/parth/LPCXpresso/workspace/nxp_lpcxpresso_11u14_usblib_device/Debug/libnxp_lpcxpresso_11u14_usblib_device.a(USBController.o)
 .debug_frame   0x00000610       0x2c /home/parth/LPCXpresso/workspace/nxp_lpcxpresso_11u14_usblib_device/Debug/libnxp_lpcxpresso_11u14_usblib_device.a(USBTask.o)
 .debug_frame   0x0000063c      0x224 /home/parth/LPCXpresso/workspace/nxp_lpcxpresso_11u14_usblib_device/Debug/libnxp_lpcxpresso_11u14_usblib_device.a(CDCClassDevice.o)
 .debug_frame   0x00000860       0x78 /home/parth/LPCXpresso/workspace/nxp_lpcxpresso_11u14_usblib_device/Debug/libnxp_lpcxpresso_11u14_usblib_device.a(HAL_LPC11Uxx.o)
 .debug_frame   0x000008d8       0xf0 /home/parth/LPCXpresso/workspace/nxp_lpcxpresso_11u14_usblib_device/Debug/libnxp_lpcxpresso_11u14_usblib_device.a(Endpoint_LPC11Uxx.o)
 .debug_frame   0x000009c8       0x3c /home/parth/LPCXpresso/workspace/nxp_lpcxpresso_11u14_usblib_device/Debug/libnxp_lpcxpresso_11u14_usblib_device.a(DeviceStandardReq.o)
 .debug_frame   0x00000a04       0x5c /home/parth/LPCXpresso/workspace/nxp_lpcxpresso_11u14_usblib_device/Debug/libnxp_lpcxpresso_11u14_usblib_device.a(Endpoint.o)
 .debug_frame   0x00000a60      0x158 /home/parth/LPCXpresso/workspace/nxp_lpcxpresso_11u14_usblib_device/Debug/libnxp_lpcxpresso_11u14_usblib_device.a(EndpointStream.o)
 .debug_frame   0x00000bb8       0x20 /usr/local/lpcxpresso_7.5.0_254/lpcxpresso/tools/bin/../lib/gcc/arm-none-eabi/4.8.4/armv6-m/libgcc.a(_udivsi3.o)
 .debug_frame   0x00000bd8       0x44 /usr/local/lpcxpresso_7.5.0_254/lpcxpresso/tools/bin/../lib/gcc/arm-none-eabi/4.8.4/../../../../arm-none-eabi/lib/armv6-m/libc_s.a(lib_a-fgetc.o)
 .debug_frame   0x00000c1c      0x148 /usr/local/lpcxpresso_7.5.0_254/lpcxpresso/tools/bin/../lib/gcc/arm-none-eabi/4.8.4/../../../../arm-none-eabi/lib/armv6-m/libc_s.a(lib_a-findfp.o)
 .debug_frame   0x00000d64       0xd4 /usr/local/lpcxpresso_7.5.0_254/lpcxpresso/tools/bin/../lib/gcc/arm-none-eabi/4.8.4/../../../../arm-none-eabi/lib/armv6-m/libc_s.a(lib_a-fopencookie.o)
 .debug_frame   0x00000e38       0x4c /usr/local/lpcxpresso_7.5.0_254/lpcxpresso/tools/bin/../lib/gcc/arm-none-eabi/4.8.4/../../../../arm-none-eabi/lib/armv6-m/libc_s.a(lib_a-fprintf.o)
 .debug_frame   0x00000e84       0x44 /usr/local/lpcxpresso_7.5.0_254/lpcxpresso/tools/bin/../lib/gcc/arm-none-eabi/4.8.4/../../../../arm-none-eabi/lib/armv6-m/libc_s.a(lib_a-fputc.o)
 .debug_frame   0x00000ec8       0x58 /usr/local/lpcxpresso_7.5.0_254/lpcxpresso/tools/bin/../lib/gcc/arm-none-eabi/4.8.4/../../../../arm-none-eabi/lib/armv6-m/libc_s.a(lib_a-fwalk.o)
 .debug_frame   0x00000f20       0x28 /usr/local/lpcxpresso_7.5.0_254/lpcxpresso/tools/bin/../lib/gcc/arm-none-eabi/4.8.4/../../../../arm-none-eabi/lib/armv6-m/libc_s.a(lib_a-memcpy-stub.o)
 .debug_frame   0x00000f48       0x20 /usr/local/lpcxpresso_7.5.0_254/lpcxpresso/tools/bin/../lib/gcc/arm-none-eabi/4.8.4/../../../../arm-none-eabi/lib/armv6-m/libc_s.a(lib_a-memset.o)
 .debug_frame   0x00000f68       0x2c /usr/local/lpcxpresso_7.5.0_254/lpcxpresso/tools/bin/../lib/gcc/arm-none-eabi/4.8.4/../../../../arm-none-eabi/lib/armv6-m/libc_s.a(lib_a-nano-freer.o)
 .debug_frame   0x00000f94       0x2c /usr/local/lpcxpresso_7.5.0_254/lpcxpresso/tools/bin/../lib/gcc/arm-none-eabi/4.8.4/../../../../arm-none-eabi/lib/armv6-m/libc_s.a(lib_a-nano-mallocr.o)
 .debug_frame   0x00000fc0       0x44 /usr/local/lpcxpresso_7.5.0_254/lpcxpresso/tools/bin/../lib/gcc/arm-none-eabi/4.8.4/../../../../arm-none-eabi/lib/armv6-m/libc_s.a(lib_a-putc.o)
 .debug_frame   0x00001004       0x44 /usr/local/lpcxpresso_7.5.0_254/lpcxpresso/tools/bin/../lib/gcc/arm-none-eabi/4.8.4/../../../../arm-none-eabi/lib/armv6-m/libc_s.a(lib_a-rget.o)
 .debug_frame   0x00001048       0x2c /usr/local/lpcxpresso_7.5.0_254/lpcxpresso/tools/bin/../lib/gcc/arm-none-eabi/4.8.4/../../../../arm-none-eabi/lib/armv6-m/libc_s.a(lib_a-sbrkr.o)